Archive member included to satisfy reference by file (symbol)

C:\Users\Jamal\Desktop\Discord COURS\S7\OS\LPC55S69_OS.src\libs\libpower_hardabi.a(fsl_power_lib.o)
                              ./drivers/fsl_clock.o (POWER_SetVoltageForFreq)
c:/nxp/mcuxpressoide_11.2.0_4120/ide/plugins/com.nxp.mcuxpresso.tools.win32_11.2.0.202001021529/tools/bin/../lib/gcc/arm-none-eabi/9.2.1/../../../../arm-none-eabi/lib/thumb/v8-m.main+fp/hard\libcr_semihost_nf.a(_cr__main.o)
                              ./startup/startup_lpc55s69_cm33_core0.o (__main)
c:/nxp/mcuxpressoide_11.2.0_4120/ide/plugins/com.nxp.mcuxpresso.tools.win32_11.2.0.202001021529/tools/bin/../lib/gcc/arm-none-eabi/9.2.1/../../../../arm-none-eabi/lib/thumb/v8-m.main+fp/hard\libcr_semihost_nf.a(_cr_assert.o)
                              ./utilities/fsl_debug_console.o (__assertion_failed)
c:/nxp/mcuxpressoide_11.2.0_4120/ide/plugins/com.nxp.mcuxpresso.tools.win32_11.2.0.202001021529/tools/bin/../lib/gcc/arm-none-eabi/9.2.1/../../../../arm-none-eabi/lib/thumb/v8-m.main+fp/hard\libcr_semihost_nf.a(__ciob.o)
                              c:/nxp/mcuxpressoide_11.2.0_4120/ide/plugins/com.nxp.mcuxpresso.tools.win32_11.2.0.202001021529/tools/bin/../lib/gcc/arm-none-eabi/9.2.1/../../../../arm-none-eabi/lib/thumb/v8-m.main+fp/hard\libcr_semihost_nf.a(_cr_assert.o) (__Ciob)
c:/nxp/mcuxpressoide_11.2.0_4120/ide/plugins/com.nxp.mcuxpresso.tools.win32_11.2.0.202001021529/tools/bin/../lib/gcc/arm-none-eabi/9.2.1/../../../../arm-none-eabi/lib/thumb/v8-m.main+fp/hard\libcr_semihost_nf.a(__sys_appexit.o)
                              c:/nxp/mcuxpressoide_11.2.0_4120/ide/plugins/com.nxp.mcuxpresso.tools.win32_11.2.0.202001021529/tools/bin/../lib/gcc/arm-none-eabi/9.2.1/../../../../arm-none-eabi/lib/thumb/v8-m.main+fp/hard\libcr_semihost_nf.a(_cr_assert.o) (__sys_appexit)
c:/nxp/mcuxpressoide_11.2.0_4120/ide/plugins/com.nxp.mcuxpresso.tools.win32_11.2.0.202001021529/tools/bin/../lib/gcc/arm-none-eabi/9.2.1/../../../../arm-none-eabi/lib/thumb/v8-m.main+fp/hard\libcr_c.a(memcpy.o)
                              ./device/target.o (memcpy)
c:/nxp/mcuxpressoide_11.2.0_4120/ide/plugins/com.nxp.mcuxpresso.tools.win32_11.2.0.202001021529/tools/bin/../lib/gcc/arm-none-eabi/9.2.1/../../../../arm-none-eabi/lib/thumb/v8-m.main+fp/hard\libcr_c.a(memmove.o)
                              ./device/termio.o (memmove)
c:/nxp/mcuxpressoide_11.2.0_4120/ide/plugins/com.nxp.mcuxpresso.tools.win32_11.2.0.202001021529/tools/bin/../lib/gcc/arm-none-eabi/9.2.1/../../../../arm-none-eabi/lib/thumb/v8-m.main+fp/hard\libcr_c.a(memset.o)
                              ./drivers/fsl_clock.o (memset)
c:/nxp/mcuxpressoide_11.2.0_4120/ide/plugins/com.nxp.mcuxpresso.tools.win32_11.2.0.202001021529/tools/bin/../lib/gcc/arm-none-eabi/9.2.1/../../../../arm-none-eabi/lib/thumb/v8-m.main+fp/hard\libcr_c.a(_deferredlazyseek.o)
                              c:/nxp/mcuxpressoide_11.2.0_4120/ide/plugins/com.nxp.mcuxpresso.tools.win32_11.2.0.202001021529/tools/bin/../lib/gcc/arm-none-eabi/9.2.1/../../../../arm-none-eabi/lib/thumb/v8-m.main+fp/hard\libcr_semihost_nf.a(_cr_assert.o) (__flsbuf)
c:/nxp/mcuxpressoide_11.2.0_4120/ide/plugins/com.nxp.mcuxpresso.tools.win32_11.2.0.202001021529/tools/bin/../lib/gcc/arm-none-eabi/9.2.1/../../../../arm-none-eabi/lib/thumb/v8-m.main+fp/hard\libcr_c.a(_fflush.o)
                              c:/nxp/mcuxpressoide_11.2.0_4120/ide/plugins/com.nxp.mcuxpresso.tools.win32_11.2.0.202001021529/tools/bin/../lib/gcc/arm-none-eabi/9.2.1/../../../../arm-none-eabi/lib/thumb/v8-m.main+fp/hard\libcr_c.a(_deferredlazyseek.o) (_fflush)
c:/nxp/mcuxpressoide_11.2.0_4120/ide/plugins/com.nxp.mcuxpresso.tools.win32_11.2.0.202001021529/tools/bin/../lib/gcc/arm-none-eabi/9.2.1/../../../../arm-none-eabi/lib/thumb/v8-m.main+fp/hard\libcr_c.a(_writebuf.o)
                              c:/nxp/mcuxpressoide_11.2.0_4120/ide/plugins/com.nxp.mcuxpresso.tools.win32_11.2.0.202001021529/tools/bin/../lib/gcc/arm-none-eabi/9.2.1/../../../../arm-none-eabi/lib/thumb/v8-m.main+fp/hard\libcr_c.a(_deferredlazyseek.o) (_Cwritebuf)
c:/nxp/mcuxpressoide_11.2.0_4120/ide/plugins/com.nxp.mcuxpresso.tools.win32_11.2.0.202001021529/tools/bin/../lib/gcc/arm-none-eabi/9.2.1/../../../../arm-none-eabi/lib/thumb/v8-m.main+fp/hard\libcr_c.a(alloc.o)
                              ./kernel/kernel.o (malloc)
c:/nxp/mcuxpressoide_11.2.0_4120/ide/plugins/com.nxp.mcuxpresso.tools.win32_11.2.0.202001021529/tools/bin/../lib/gcc/arm-none-eabi/9.2.1/../../../../arm-none-eabi/lib/thumb/v8-m.main+fp/hard\libcr_c.a(ctype.o)
                              ./device/termio.o (__ctype)
c:/nxp/mcuxpressoide_11.2.0_4120/ide/plugins/com.nxp.mcuxpresso.tools.win32_11.2.0.202001021529/tools/bin/../lib/gcc/arm-none-eabi/9.2.1/../../../../arm-none-eabi/lib/thumb/v8-m.main+fp/hard\libcr_c.a(fputs.o)
[...]
Memory Configuration

Name             Origin             Length             Attributes
PROGRAM_FLASH    0x00000000         0x00098000         xr
SRAM             0x20000000         0x00040000         xrw
SRAM4            0x20040000         0x00004000         xrw
SRAMX            0x04000000         0x00008000         xrw
USB_RAM          0x40100000         0x00004000         xrw
*default*        0x00000000         0xffffffff

Linker script and memory map

LOAD ./utilities/fsl_debug_console.o
LOAD ./utilities/fsl_str.o
LOAD ./startup/boot_multicore_slave.o
LOAD ./startup/startup_lpc55s69_cm33_core0.o
LOAD ./startup/svc.o
LOAD ./source/main.o
LOAD ./source/oslib.o
LOAD ./source/semihost_hardfault.o
LOAD ./kernel/kernel.o
LOAD ./kernel/list.o
LOAD ./drivers/fsl_clock.o
LOAD ./drivers/fsl_common.o
LOAD ./drivers/fsl_flexcomm.o
LOAD ./drivers/fsl_gpio.o
LOAD ./drivers/fsl_i2c.o
LOAD ./drivers/fsl_inputmux.o
LOAD ./drivers/fsl_pint.o
LOAD ./drivers/fsl_power.o
LOAD ./drivers/fsl_reset.o
LOAD ./drivers/fsl_spi.o
LOAD ./drivers/fsl_usart.o
LOAD ./device/system_LPC55S69_cm33_core0.o
LOAD ./device/target.o
LOAD ./device/termio.o
LOAD ./device/vfs.o
LOAD ./component/uart/usart_adapter.o
LOAD ./component/serial_manager/serial_manager.o
LOAD ./component/serial_manager/serial_port_uart.o
LOAD ./component/lists/generic_list.o
LOAD ./board/board.o
LOAD ./board/clock_config.o
LOAD ./board/peripherals.o
LOAD ./board/pin_mux.o
LOAD C:\Users\Jamal\Desktop\Discord COURS\S7\OS\LPC55S69_OS.src\libs\libpower_hardabi.a
START GROUP
LOAD c:/nxp/mcuxpressoide_11.2.0_4120/ide/plugins/com.nxp.mcuxpresso.tools.win32_11.2.0.202001021529/tools/bin/../lib/gcc/arm-none-eabi/9.2.1/../../../../arm-none-eabi/lib/thumb/v8-m.main+fp/hard\libcr_semihost_nf.a
LOAD c:/nxp/mcuxpressoide_11.2.0_4120/ide/plugins/com.nxp.mcuxpresso.tools.win32_11.2.0.202001021529/tools/bin/../lib/gcc/arm-none-eabi/9.2.1/../../../../arm-none-eabi/lib/thumb/v8-m.main+fp/hard\libcr_c.a
LOAD c:/nxp/mcuxpressoide_11.2.0_4120/ide/plugins/com.nxp.mcuxpresso.tools.win32_11.2.0.202001021529/tools/bin/../lib/gcc/arm-none-eabi/9.2.1/thumb/v8-m.main+fp/hard\libcr_eabihelpers.a
LOAD c:/nxp/mcuxpressoide_11.2.0_4120/ide/plugins/com.nxp.mcuxpresso.tools.win32_11.2.0.202001021529/tools/bin/../lib/gcc/arm-none-eabi/9.2.1/thumb/v8-m.main+fp/hard\libgcc.a
END GROUP
                0x00000000                __base_PROGRAM_FLASH = 0x0
                0x00000000                __base_Flash = 0x0
                0x00098000                __top_PROGRAM_FLASH = 0x98000
                0x00098000                __top_Flash = 0x98000
                0x20000000                __base_SRAM = 0x20000000
                0x20000000                __base_RAM = 0x20000000
                0x20040000                __top_SRAM = 0x20040000
                0x20040000                __top_RAM = 0x20040000
                0x20040000                __base_SRAM4 = 0x20040000
                0x20040000                __base_RAM2 = 0x20040000
                0x20044000                __top_SRAM4 = 0x20044000
                0x20044000                __top_RAM2 = 0x20044000
                0x04000000                __base_SRAMX = 0x4000000
                0x04000000                __base_RAM3 = 0x4000000
                0x04008000                __top_SRAMX = 0x4008000
                0x04008000                __top_RAM3 = 0x4008000
                0x40100000                __base_USB_RAM = 0x40100000
                0x40100000                __base_RAM4 = 0x40100000
                0x40104000                __top_USB_RAM = 0x40104000
                0x40104000                __top_RAM4 = 0x40104000

.text           0x00000000     0x3da0
 FILL mask 0xff
                0x00000000                __vectors_start__ = ABSOLUTE (.)
 *(SORT_BY_ALIGNMENT(.isr_vector))
 .isr_vector    0x00000000      0x130 ./startup/startup_lpc55s69_cm33_core0.o
                0x00000000                g_pfnVectors
                0x00000000                __Vectors
                0x00000130                . = ALIGN (0x4)
                0x00000130                __section_table_start = .
                0x00000130                __data_section_table = .
                0x00000130        0x4 LONG 0x3da0 LOADADDR (.data)
                0x00000134        0x4 LONG 0x20000000 ADDR (.data)
                0x00000138        0x4 LONG 0xb4 SIZEOF (.data)
                0x0000013c        0x4 LONG 0x3da0 LOADADDR (.data_RAM2)
                0x00000140        0x4 LONG 0x20040000 ADDR (.data_RAM2)
                0x00000144        0x4 LONG 0x0 SIZEOF (.data_RAM2)
                0x00000148        0x4 LONG 0x3da0 LOADADDR (.data_RAM3)
                0x0000014c        0x4 LONG 0x4000000 ADDR (.data_RAM3)
                0x00000150        0x4 LONG 0x0 SIZEOF (.data_RAM3)
                0x00000154        0x4 LONG 0x3da0 LOADADDR (.data_RAM4)
                0x00000158        0x4 LONG 0x40100000 ADDR (.data_RAM4)
                0x0000015c        0x4 LONG 0x0 SIZEOF (.data_RAM4)
                0x00000160                __data_section_table_end = .
                0x00000160                __bss_section_table = .
                0x00000160        0x4 LONG 0x200000b4 ADDR (.bss)
                0x00000164        0x4 LONG 0x194 SIZEOF (.bss)
                0x00000168        0x4 LONG 0x20040000 ADDR (.bss_RAM2)
                0x0000016c        0x4 LONG 0x0 SIZEOF (.bss_RAM2)
                0x00000170        0x4 LONG 0x4000000 ADDR (.bss_RAM3)
                0x00000174        0x4 LONG 0x0 SIZEOF (.bss_RAM3)
                0x00000178        0x4 LONG 0x40100000 ADDR (.bss_RAM4)
                0x0000017c        0x4 LONG 0x0 SIZEOF (.bss_RAM4)
                0x00000180                __bss_section_table_end = .
                0x00000180                __section_table_end = .
 *(SORT_BY_ALIGNMENT(.after_vectors*))
 .after_vectors.reset
                0x00000180       0x70 ./startup/startup_lpc55s69_cm33_core0.o
                0x00000180                ResetISR
 .after_vectors.init_data
                0x000001f0       0x1e ./startup/startup_lpc55s69_cm33_core0.o
                0x000001f0                data_init
 .after_vectors.init_bss
                0x0000020e       0x12 ./startup/startup_lpc55s69_cm33_core0.o
                0x0000020e                bss_init
 .after_vectors
                0x00000220       0x16 ./startup/startup_lpc55s69_cm33_core0.o
                0x00000220                NMI_Handler
                0x00000224                MemManage_Handler
                0x00000226                BusFault_Handler
                0x00000228                UsageFault_Handler
                0x0000022a                SecureFault_Handler
                0x0000022e                DebugMon_Handler
                0x00000234                Reserved56_DriverIRQHandler
                0x00000234                CTIMER2_DriverIRQHandler
                0x00000234                SEC_VIO_DriverIRQHandler
                0x00000234                IntDefaultHandler
                0x00000234                USB0_DriverIRQHandler
                0x00000234                CASER_DriverIRQHandler
                0x00000234                MRT0_DriverIRQHandler
                0x00000234                UTICK0_DriverIRQHandler
                0x00000234                Reserved41_DriverIRQHandler
                0x00000234                CTIMER4_DriverIRQHandler
                0x00000234                GINT1_DriverIRQHandler
                0x00000234                Reserved55_DriverIRQHandler
                0x00000234                HASHCRYPT_DriverIRQHandler
                0x00000234                USB0_NEEDCLK_DriverIRQHandler
                0x00000234                CTIMER0_DriverIRQHandler
                0x00000234                Reserved42_DriverIRQHandler
                0x00000234                DMA0_DriverIRQHandler
                0x00000234                PQ_DriverIRQHandler
                0x00000234                MAILBOX_DriverIRQHandler
                0x00000234                CTIMER3_DriverIRQHandler
                0x00000234                Reserved61_DriverIRQHandler
                0x00000234                PUF_DriverIRQHandler
                0x00000234                RTC_DriverIRQHandler
                0x00000234                Reserved39_DriverIRQHandler
                0x00000234                USB1_DriverIRQHandler
                0x00000234                Reserved60_DriverIRQHandler
                0x00000234                DMA1_DriverIRQHandler
                0x00000234                ADC0_DriverIRQHandler
                0x00000234                USB1_NEEDCLK_DriverIRQHandler
                0x00000234                Reserved59_DriverIRQHandler
                0x00000234                SDIO_DriverIRQHandler
                0x00000234                GINT0_DriverIRQHandler
                0x00000234                USB1_PHY_DriverIRQHandler
                0x00000234                ACMP_DriverIRQHandler
                0x00000234                Reserved57_DriverIRQHandler
                0x00000234                CTIMER1_DriverIRQHandler
                0x00000234                Reserved46_DriverIRQHandler
                0x00000234                WDT_BOD_DriverIRQHandler
                0x00000234                SCT0_DriverIRQHandler
                0x00000234                PLU_DriverIRQHandler
                0x00000234                OS_EVENT_DriverIRQHandler
                0x00000234                SEC_HYPERVISOR_CALL_DriverIRQHandler
 *(SORT_BY_ALIGNMENT(.text*))
 *fill*         0x00000236        0x2 ff
 .text.__NVIC_SetPriority
                0x00000238       0x54 ./startup/startup_lpc55s69_cm33_core0.o
 .text.PendSV_Handler
                0x0000028c       0x50 ./startup/svc.o
                0x0000028c                PendSV_Handler
 .text.main     0x000002dc       0x3c ./source/main.o
                0x000002dc                main
 .text.__NVIC_SetPriority
                0x00000318       0x54 ./kernel/kernel.o
 .text.SysTick_Config
                0x0000036c       0x44 ./kernel/kernel.o
 .text.svc_dispatch
                0x000003b0       0xe8 ./kernel/kernel.o
                0x000003b0                svc_dispatch
 .text.SysTick_Handler
                0x00000498       0x28 ./kernel/kernel.o
                0x00000498                SysTick_Handler
 .text.sys_os_start
                0x000004c0       0x38 ./kernel/kernel.o
                0x000004c0                sys_os_start
 .text.POWER_EnablePD
                0x000004f8       0x20 ./drivers/fsl_clock.o
 .text.POWER_DisablePD
                0x00000518       0x20 ./drivers/fsl_clock.o
 .text.CLOCK_AttachClk
                0x00000538       0x98 ./drivers/fsl_clock.o
                0x00000538                CLOCK_AttachClk
 .text.CLOCK_SetClkDiv
                0x000005d0       0x5c ./drivers/fsl_clock.o
                0x000005d0                CLOCK_SetClkDiv
 .text.CLOCK_SetupFROClocking
                0x0000062c       0x80 ./drivers/fsl_clock.o
                0x0000062c                CLOCK_SetupFROClocking
 .text.CLOCK_SetFLASHAccessCyclesForFreq
                0x000006ac      0x148 ./drivers/fsl_clock.o
                0x000006ac                CLOCK_SetFLASHAccessCyclesForFreq
 .text.CLOCK_SetupExtClocking
                0x000007f4       0x50 ./drivers/fsl_clock.o
                0x000007f4                CLOCK_SetupExtClocking
 .text.CLOCK_GetFro1MFreq
                0x00000844       0x28 ./drivers/fsl_clock.o
                0x00000844                CLOCK_GetFro1MFreq
 .text.CLOCK_GetExtClkFreq
                0x0000086c       0x2c ./drivers/fsl_clock.o
                0x0000086c                CLOCK_GetExtClkFreq
 .text.CLOCK_GetOsc32KFreq
                0x00000898       0x58 ./drivers/fsl_clock.o
                0x00000898                CLOCK_GetOsc32KFreq
 .text.CLOCK_GetPLL0InClockRate
                0x000008f0       0x64 ./drivers/fsl_clock.o
                0x000008f0                CLOCK_GetPLL0InClockRate
 .text.CLOCK_SetPLL0Freq
                0x00000954      0x12c ./drivers/fsl_clock.o
                0x00000954                CLOCK_SetPLL0Freq
 .text.SDK_DelayAtLeastUs
                0x00000a80       0x90 ./drivers/fsl_common.o
                0x00000a80                SDK_DelayAtLeastUs
 .text.FLEXCOMM0_DriverIRQHandler
                0x00000b10       0x38 ./drivers/fsl_flexcomm.o
                0x00000b10                FLEXCOMM0_DriverIRQHandler
 .text.FLEXCOMM1_DriverIRQHandler
                0x00000b48       0x38 ./drivers/fsl_flexcomm.o
                0x00000b48                FLEXCOMM1_DriverIRQHandler
 .text.FLEXCOMM2_DriverIRQHandler
                0x00000b80       0x38 ./drivers/fsl_flexcomm.o
                0x00000b80                FLEXCOMM2_DriverIRQHandler
 .text.FLEXCOMM3_DriverIRQHandler
                0x00000bb8       0x38 ./drivers/fsl_flexcomm.o
                0x00000bb8                FLEXCOMM3_DriverIRQHandler
 .text.FLEXCOMM4_DriverIRQHandler
                0x00000bf0       0x38 ./drivers/fsl_flexcomm.o
                0x00000bf0                FLEXCOMM4_DriverIRQHandler
 .text.FLEXCOMM5_DriverIRQHandler
                0x00000c28       0x38 ./drivers/fsl_flexcomm.o
                0x00000c28                FLEXCOMM5_DriverIRQHandler
 .text.FLEXCOMM6_DriverIRQHandler
                0x00000c60       0x38 ./drivers/fsl_flexcomm.o
                0x00000c60                FLEXCOMM6_DriverIRQHandler
 .text.FLEXCOMM7_DriverIRQHandler
                0x00000c98       0x38 ./drivers/fsl_flexcomm.o
                0x00000c98                FLEXCOMM7_DriverIRQHandler
 .text.FLEXCOMM8_DriverIRQHandler
                0x00000cd0       0x38 ./drivers/fsl_flexcomm.o
                0x00000cd0                FLEXCOMM8_DriverIRQHandler
 .text.GPIO_PortInit
                0x00000d08       0x48 ./drivers/fsl_gpio.o
                0x00000d08                GPIO_PortInit
 .text.__NVIC_EnableIRQ
                0x00000d50       0x3c ./drivers/fsl_pint.o
 .text.__NVIC_ClearPendingIRQ
                0x00000d8c       0x3c ./drivers/fsl_pint.o
 .text.PINT_Init
                0x00000dc8       0xd0 ./drivers/fsl_pint.o
                0x00000dc8                PINT_Init
 .text.PINT_PinInterruptConfig
                0x00000e98       0xb8 ./drivers/fsl_pint.o
                0x00000e98                PINT_PinInterruptConfig
 .text.PINT_EnableCallbackByIndex
                0x00000f50       0x4c ./drivers/fsl_pint.o
                0x00000f50                PINT_EnableCallbackByIndex
 .text.SEC_GPIO_INT0_IRQ0_DriverIRQHandler
                0x00000f9c       0x48 ./drivers/fsl_pint.o
                0x00000f9c                SEC_GPIO_INT0_IRQ0_DriverIRQHandler
 .text.SEC_GPIO_INT0_IRQ1_DriverIRQHandler
                0x00000fe4       0x44 ./drivers/fsl_pint.o
                0x00000fe4                SEC_GPIO_INT0_IRQ1_DriverIRQHandler
 .text.PIN_INT0_DriverIRQHandler
                0x00001028       0x48 ./drivers/fsl_pint.o
                0x00001028                PIN_INT0_DriverIRQHandler
 .text.PIN_INT1_DriverIRQHandler
                0x00001070       0x48 ./drivers/fsl_pint.o
                0x00001070                PIN_INT1_DriverIRQHandler
 .text.PIN_INT2_DriverIRQHandler
                0x000010b8       0x48 ./drivers/fsl_pint.o
                0x000010b8                PIN_INT2_DriverIRQHandler
 .text.PIN_INT3_DriverIRQHandler
                0x00001100       0x48 ./drivers/fsl_pint.o
                0x00001100                PIN_INT3_DriverIRQHandler
 .text.PIN_INT4_DriverIRQHandler
                0x00001148       0x48 ./drivers/fsl_pint.o
                0x00001148                PIN_INT4_DriverIRQHandler
 .text.PIN_INT5_DriverIRQHandler
                0x00001190       0x48 ./drivers/fsl_pint.o
                0x00001190                PIN_INT5_DriverIRQHandler
 .text.PIN_INT6_DriverIRQHandler
                0x000011d8       0x48 ./drivers/fsl_pint.o
                0x000011d8                PIN_INT6_DriverIRQHandler
 .text.PIN_INT7_DriverIRQHandler
                0x00001220       0x48 ./drivers/fsl_pint.o
                0x00001220                PIN_INT7_DriverIRQHandler
 .text.RESET_SetPeripheralReset
                0x00001268       0x5c ./drivers/fsl_reset.o
                0x00001268                RESET_SetPeripheralReset
 .text.RESET_ClearPeripheralReset
                0x000012c4       0x60 ./drivers/fsl_reset.o
                0x000012c4                RESET_ClearPeripheralReset
 .text.SystemInit
                0x00001324       0x64 ./device/system_LPC55S69_cm33_core0.o
                0x00001324                SystemInit
 .text.__NVIC_SetPriority
                0x00001388       0x54 ./device/target.o
 .text.dev_read_test
                0x000013dc       0x84 ./device/target.o
 .text.leds     0x00001460       0x64 ./device/target.o
 .text.dev_init_leds
                0x000014c4       0x58 ./device/target.o
 .text.dev_init_btn
                0x0000151c       0x5c ./device/target.o
 .text.dev_init
                0x00001578       0x74 ./device/target.o
                0x00001578                dev_init
 .text.BOARD_InitDebugConsole
                0x000015ec       0x38 ./board/board.o
                0x000015ec                BOARD_InitDebugConsole
 .text.POWER_DisablePD
                0x00001624       0x20 ./board/clock_config.o
 .text.BOARD_BootClockPLL100M
                0x00001644       0xec ./board/clock_config.o
                0x00001644                BOARD_BootClockPLL100M
 .text.BOARD_InitPins
                0x00001730       0xd8 ./board/pin_mux.o
                0x00001730                BOARD_InitPins
 .text.lowpower_set_system_voltage
                0x00001808       0xa0 C:\Users\Jamal\Desktop\Discord COURS\S7\OS\LPC55S69_OS.src\libs\libpower_hardabi.a(fsl_power_lib.o)
 .text.lowpower_set_voltage_for_process
                0x000018a8       0x84 C:\Users\Jamal\Desktop\Discord COURS\S7\OS\LPC55S69_OS.src\libs\libpower_hardabi.a(fsl_power_lib.o)
 .text.POWER_SetVoltageForFreq
                0x0000192c       0x84 C:\Users\Jamal\Desktop\Discord COURS\S7\OS\LPC55S69_OS.src\libs\libpower_hardabi.a(fsl_power_lib.o)
                0x0000192c                POWER_SetVoltageForFreq
 .text.__assertion_failed
                0x000019b0       0x4c c:/nxp/mcuxpressoide_11.2.0_4120/ide/plugins/com.nxp.mcuxpresso.tools.win32_11.2.0.202001021529/tools/bin/../lib/gcc/arm-none-eabi/9.2.1/../../../../arm-none-eabi/lib/thumb/v8-m.main+fp/hard\libcr_semihost_nf.a(_cr_assert.o)
                0x000019b0                __assertion_failed
 .text.__sys_appexit
                0x000019fc        0xc c:/nxp/mcuxpressoide_11.2.0_4120/ide/plugins/com.nxp.mcuxpresso.tools.win32_11.2.0.202001021529/tools/bin/../lib/gcc/arm-none-eabi/9.2.1/../../../../arm-none-eabi/lib/thumb/v8-m.main+fp/hard\libcr_semihost_nf.a(__sys_appexit.o)
                0x000019fc                __sys_appexit
                0x000019fc                __exit
 .text._Cwritebuf
                0x00001a08       0x6c c:/nxp/mcuxpressoide_11.2.0_4120/ide/plugins/com.nxp.mcuxpresso.tools.win32_11.2.0.202001021529/tools/bin/../lib/gcc/arm-none-eabi/9.2.1/../../../../arm-none-eabi/lib/thumb/v8-m.main+fp/hard\libcr_c.a(_writebuf.o)
                0x00001a08                _Cwritebuf
 .text.malloc   0x00001a74       0xc8 c:/nxp/mcuxpressoide_11.2.0_4120/ide/plugins/com.nxp.mcuxpresso.tools.win32_11.2.0.202001021529/tools/bin/../lib/gcc/arm-none-eabi/9.2.1/../../../../arm-none-eabi/lib/thumb/v8-m.main+fp/hard\libcr_c.a(alloc.o)
                0x00001a74                malloc
 .text._Csys_alloc
                0x00001b3c       0x20 c:/nxp/mcuxpressoide_11.2.0_4120/ide/plugins/com.nxp.mcuxpresso.tools.win32_11.2.0.202001021529/tools/bin/../lib/gcc/arm-none-eabi/9.2.1/../../../../arm-none-eabi/lib/thumb/v8-m.main+fp/hard\libcr_c.a(alloc.o)
                0x00001b3c                _Csys_alloc
 .text.fseek    0x00001b5c      0x100 c:/nxp/mcuxpressoide_11.2.0_4120/ide/plugins/com.nxp.mcuxpresso.tools.win32_11.2.0.202001021529/tools/bin/../lib/gcc/arm-none-eabi/9.2.1/../../../../arm-none-eabi/lib/thumb/v8-m.main+fp/hard\libcr_c.a(fseek.o)
                0x00001b5c                fseek
 .text.ftell    0x00001c5c       0x44 c:/nxp/mcuxpressoide_11.2.0_4120/ide/plugins/com.nxp.mcuxpresso.tools.win32_11.2.0.202001021529/tools/bin/../lib/gcc/arm-none-eabi/9.2.1/../../../../arm-none-eabi/lib/thumb/v8-m.main+fp/hard\libcr_c.a(ftell.o)
                0x00001c5c                ftell
 .text._initio  0x00001ca0       0x78 c:/nxp/mcuxpressoide_11.2.0_4120/ide/plugins/com.nxp.mcuxpresso.tools.win32_11.2.0.202001021529/tools/bin/../lib/gcc/arm-none-eabi/9.2.1/../../../../arm-none-eabi/lib/thumb/v8-m.main+fp/hard\libcr_c.a(initio.o)
                0x00001ca0                _initio
 .text.__vfprintf
                0x00001d18      0xcdc c:/nxp/mcuxpressoide_11.2.0_4120/ide/plugins/com.nxp.mcuxpresso.tools.win32_11.2.0.202001021529/tools/bin/../lib/gcc/arm-none-eabi/9.2.1/../../../../arm-none-eabi/lib/thumb/v8-m.main+fp/hard\libcr_c.a(printf.o)
                0x00001d18                __vfprintf
 .text._vsnprintf
                0x000029f4       0x68 c:/nxp/mcuxpressoide_11.2.0_4120/ide/plugins/com.nxp.mcuxpresso.tools.win32_11.2.0.202001021529/tools/bin/../lib/gcc/arm-none-eabi/9.2.1/../../../../arm-none-eabi/lib/thumb/v8-m.main+fp/hard\libcr_c.a(printf.o)
                0x000029f4                _vsnprintf
 .text._printf  0x00002a5c       0x54 c:/nxp/mcuxpressoide_11.2.0_4120/ide/plugins/com.nxp.mcuxpresso.tools.win32_11.2.0.202001021529/tools/bin/../lib/gcc/arm-none-eabi/9.2.1/../../../../arm-none-eabi/lib/thumb/v8-m.main+fp/hard\libcr_c.a(printf.o)
                0x00002a5c                _printf
 .text._sbrk    0x00002ab0       0x3c c:/nxp/mcuxpressoide_11.2.0_4120/ide/plugins/com.nxp.mcuxpresso.tools.win32_11.2.0.202001021529/tools/bin/../lib/gcc/arm-none-eabi/9.2.1/../../../../arm-none-eabi/lib/thumb/v8-m.main+fp/hard\libcr_c.a(_cr_sbrk.o)
                0x00002ab0                _sbrk
 .text.fflush   0x00002aec       0x44 c:/nxp/mcuxpressoide_11.2.0_4120/ide/plugins/com.nxp.mcuxpresso.tools.win32_11.2.0.202001021529/tools/bin/../lib/gcc/arm-none-eabi/9.2.1/../../../../arm-none-eabi/lib/thumb/v8-m.main+fp/hard\libcr_c.a(fflush.o)
                0x00002aec                fflush
 .text.__check_heap_overflow
                0x00002b30       0x18 c:/nxp/mcuxpressoide_11.2.0_4120/ide/plugins/com.nxp.mcuxpresso.tools.win32_11.2.0.202001021529/tools/bin/../lib/gcc/arm-none-eabi/9.2.1/../../../../arm-none-eabi/lib/thumb/v8-m.main+fp/hard\libcr_c.a(_cr_check_heap.o)
                0x00002b30                __check_heap_overflow
 .text.WDT_BOD_IRQHandler
                0x00002b48        0x8 ./startup/startup_lpc55s69_cm33_core0.o
                0x00002b48                WDT_BOD_IRQHandler
 .text.DMA0_IRQHandler
                0x00002b50        0x8 ./startup/startup_lpc55s69_cm33_core0.o
                0x00002b50                DMA0_IRQHandler
 .text.GINT0_IRQHandler
                0x00002b58        0x8 ./startup/startup_lpc55s69_cm33_core0.o
                0x00002b58                GINT0_IRQHandler
 .text.GINT1_IRQHandler
                0x00002b60        0x8 ./startup/startup_lpc55s69_cm33_core0.o
                0x00002b60                GINT1_IRQHandler
 .text.PIN_INT0_IRQHandler
                0x00002b68        0x8 ./startup/startup_lpc55s69_cm33_core0.o
                0x00002b68                PIN_INT0_IRQHandler
 .text.PIN_INT1_IRQHandler
                0x00002b70        0x8 ./startup/startup_lpc55s69_cm33_core0.o
                0x00002b70                PIN_INT1_IRQHandler
 .text.PIN_INT2_IRQHandler
                0x00002b78        0x8 ./startup/startup_lpc55s69_cm33_core0.o
                0x00002b78                PIN_INT2_IRQHandler
 .text.PIN_INT3_IRQHandler
                0x00002b80        0x8 ./startup/startup_lpc55s69_cm33_core0.o
                0x00002b80                PIN_INT3_IRQHandler
 .text.UTICK0_IRQHandler
                0x00002b88        0x8 ./startup/startup_lpc55s69_cm33_core0.o
                0x00002b88                UTICK0_IRQHandler
 .text.MRT0_IRQHandler
                0x00002b90        0x8 ./startup/startup_lpc55s69_cm33_core0.o
                0x00002b90                MRT0_IRQHandler
 .text.CTIMER0_IRQHandler
                0x00002b98        0x8 ./startup/startup_lpc55s69_cm33_core0.o
                0x00002b98                CTIMER0_IRQHandler
 .text.CTIMER1_IRQHandler
                0x00002ba0        0x8 ./startup/startup_lpc55s69_cm33_core0.o
                0x00002ba0                CTIMER1_IRQHandler
 .text.SCT0_IRQHandler
                0x00002ba8        0x8 ./startup/startup_lpc55s69_cm33_core0.o
                0x00002ba8                SCT0_IRQHandler
 .text.CTIMER3_IRQHandler
                0x00002bb0        0x8 ./startup/startup_lpc55s69_cm33_core0.o
                0x00002bb0                CTIMER3_IRQHandler
 .text.FLEXCOMM0_IRQHandler
                0x00002bb8        0x8 ./startup/startup_lpc55s69_cm33_core0.o
                0x00002bb8                FLEXCOMM0_IRQHandler
 .text.FLEXCOMM1_IRQHandler
                0x00002bc0        0x8 ./startup/startup_lpc55s69_cm33_core0.o
                0x00002bc0                FLEXCOMM1_IRQHandler
 .text.FLEXCOMM2_IRQHandler
                0x00002bc8        0x8 ./startup/startup_lpc55s69_cm33_core0.o
                0x00002bc8                FLEXCOMM2_IRQHandler
 .text.FLEXCOMM3_IRQHandler
                0x00002bd0        0x8 ./startup/startup_lpc55s69_cm33_core0.o
                0x00002bd0                FLEXCOMM3_IRQHandler
 .text.FLEXCOMM4_IRQHandler
                0x00002bd8        0x8 ./startup/startup_lpc55s69_cm33_core0.o
                0x00002bd8                FLEXCOMM4_IRQHandler
 .text.FLEXCOMM5_IRQHandler
                0x00002be0        0x8 ./startup/startup_lpc55s69_cm33_core0.o
                0x00002be0                FLEXCOMM5_IRQHandler
 .text.FLEXCOMM6_IRQHandler
                0x00002be8        0x8 ./startup/startup_lpc55s69_cm33_core0.o
                0x00002be8                FLEXCOMM6_IRQHandler
 .text.FLEXCOMM7_IRQHandler
                0x00002bf0        0x8 ./startup/startup_lpc55s69_cm33_core0.o
                0x00002bf0                FLEXCOMM7_IRQHandler
 .text.ADC0_IRQHandler
                0x00002bf8        0x8 ./startup/startup_lpc55s69_cm33_core0.o
                0x00002bf8                ADC0_IRQHandler
 .text.Reserved39_IRQHandler
                0x00002c00        0x8 ./startup/startup_lpc55s69_cm33_core0.o
                0x00002c00                Reserved39_IRQHandler
 .text.ACMP_IRQHandler
                0x00002c08        0x8 ./startup/startup_lpc55s69_cm33_core0.o
                0x00002c08                ACMP_IRQHandler
 .text.Reserved41_IRQHandler
                0x00002c10        0x8 ./startup/startup_lpc55s69_cm33_core0.o
                0x00002c10                Reserved41_IRQHandler
 .text.Reserved42_IRQHandler
                0x00002c18        0x8 ./startup/startup_lpc55s69_cm33_core0.o
                0x00002c18                Reserved42_IRQHandler
 .text.USB0_NEEDCLK_IRQHandler
                0x00002c20        0x8 ./startup/startup_lpc55s69_cm33_core0.o
                0x00002c20                USB0_NEEDCLK_IRQHandler
 .text.USB0_IRQHandler
                0x00002c28        0x8 ./startup/startup_lpc55s69_cm33_core0.o
                0x00002c28                USB0_IRQHandler
 .text.RTC_IRQHandler
                0x00002c30        0x8 ./startup/startup_lpc55s69_cm33_core0.o
                0x00002c30                RTC_IRQHandler
 .text.Reserved46_IRQHandler
                0x00002c38        0x8 ./startup/startup_lpc55s69_cm33_core0.o
                0x00002c38                Reserved46_IRQHandler
 .text.MAILBOX_IRQHandler
                0x00002c40        0x8 ./startup/startup_lpc55s69_cm33_core0.o
                0x00002c40                MAILBOX_IRQHandler
 .text.PIN_INT4_IRQHandler
                0x00002c48        0x8 ./startup/startup_lpc55s69_cm33_core0.o
                0x00002c48                PIN_INT4_IRQHandler
 .text.PIN_INT5_IRQHandler
                0x00002c50        0x8 ./startup/startup_lpc55s69_cm33_core0.o
                0x00002c50                PIN_INT5_IRQHandler
 .text.PIN_INT6_IRQHandler
                0x00002c58        0x8 ./startup/startup_lpc55s69_cm33_core0.o
                0x00002c58                PIN_INT6_IRQHandler
 .text.PIN_INT7_IRQHandler
                0x00002c60        0x8 ./startup/startup_lpc55s69_cm33_core0.o
                0x00002c60                PIN_INT7_IRQHandler
 .text.CTIMER2_IRQHandler
                0x00002c68        0x8 ./startup/startup_lpc55s69_cm33_core0.o
                0x00002c68                CTIMER2_IRQHandler
 .text.CTIMER4_IRQHandler
                0x00002c70        0x8 ./startup/startup_lpc55s69_cm33_core0.o
                0x00002c70                CTIMER4_IRQHandler
 .text.OS_EVENT_IRQHandler
                0x00002c78        0x8 ./startup/startup_lpc55s69_cm33_core0.o
                0x00002c78                OS_EVENT_IRQHandler
 .text.Reserved55_IRQHandler
                0x00002c80        0x8 ./startup/startup_lpc55s69_cm33_core0.o
                0x00002c80                Reserved55_IRQHandler
 .text.Reserved56_IRQHandler
                0x00002c88        0x8 ./startup/startup_lpc55s69_cm33_core0.o
                0x00002c88                Reserved56_IRQHandler
 .text.Reserved57_IRQHandler
                0x00002c90        0x8 ./startup/startup_lpc55s69_cm33_core0.o
                0x00002c90                Reserved57_IRQHandler
 .text.SDIO_IRQHandler
                0x00002c98        0x8 ./startup/startup_lpc55s69_cm33_core0.o
                0x00002c98                SDIO_IRQHandler
 .text.Reserved59_IRQHandler
                0x00002ca0        0x8 ./startup/startup_lpc55s69_cm33_core0.o
                0x00002ca0                Reserved59_IRQHandler
 .text.Reserved60_IRQHandler
                0x00002ca8        0x8 ./startup/startup_lpc55s69_cm33_core0.o
                0x00002ca8                Reserved60_IRQHandler
 .text.Reserved61_IRQHandler
                0x00002cb0        0x8 ./startup/startup_lpc55s69_cm33_core0.o
                0x00002cb0                Reserved61_IRQHandler
 .text.USB1_PHY_IRQHandler
                0x00002cb8        0x8 ./startup/startup_lpc55s69_cm33_core0.o
                0x00002cb8                USB1_PHY_IRQHandler
 .text.USB1_IRQHandler
                0x00002cc0        0x8 ./startup/startup_lpc55s69_cm33_core0.o
                0x00002cc0                USB1_IRQHandler
 .text.USB1_NEEDCLK_IRQHandler
                0x00002cc8        0x8 ./startup/startup_lpc55s69_cm33_core0.o
                0x00002cc8                USB1_NEEDCLK_IRQHandler
 .text.SEC_HYPERVISOR_CALL_IRQHandler
                0x00002cd0        0x8 ./startup/startup_lpc55s69_cm33_core0.o
                0x00002cd0                SEC_HYPERVISOR_CALL_IRQHandler
 .text.SEC_GPIO_INT0_IRQ0_IRQHandler
                0x00002cd8        0x8 ./startup/startup_lpc55s69_cm33_core0.o
                0x00002cd8                SEC_GPIO_INT0_IRQ0_IRQHandler
 .text.SEC_GPIO_INT0_IRQ1_IRQHandler
                0x00002ce0        0x8 ./startup/startup_lpc55s69_cm33_core0.o
                0x00002ce0                SEC_GPIO_INT0_IRQ1_IRQHandler
 .text.PLU_IRQHandler
                0x00002ce8        0x8 ./startup/startup_lpc55s69_cm33_core0.o
                0x00002ce8                PLU_IRQHandler
 .text.SEC_VIO_IRQHandler
                0x00002cf0        0x8 ./startup/startup_lpc55s69_cm33_core0.o
                0x00002cf0                SEC_VIO_IRQHandler
 .text.HASHCRYPT_IRQHandler
                0x00002cf8        0x8 ./startup/startup_lpc55s69_cm33_core0.o
                0x00002cf8                HASHCRYPT_IRQHandler
 .text.CASER_IRQHandler
                0x00002d00        0x8 ./startup/startup_lpc55s69_cm33_core0.o
                0x00002d00                CASER_IRQHandler
 .text.PUF_IRQHandler
                0x00002d08        0x8 ./startup/startup_lpc55s69_cm33_core0.o
                0x00002d08                PUF_IRQHandler
 .text.PQ_IRQHandler
                0x00002d10        0x8 ./startup/startup_lpc55s69_cm33_core0.o
                0x00002d10                PQ_IRQHandler
 .text.DMA1_IRQHandler
                0x00002d18        0x8 ./startup/startup_lpc55s69_cm33_core0.o
                0x00002d18                DMA1_IRQHandler
 .text.FLEXCOMM8_IRQHandler
                0x00002d20        0x8 ./startup/startup_lpc55s69_cm33_core0.o
                0x00002d20                FLEXCOMM8_IRQHandler
 .text.SVC_Handler
                0x00002d28       0x26 ./startup/svc.o
                0x00002d28                SVC_Handler
 .text.os_alloc
                0x00002d4e       0x1c ./source/oslib.o
                0x00002d4e                os_alloc
 .text.os_start
                0x00002d6a       0x10 ./source/oslib.o
                0x00002d6a                os_start
 .text.sem_new  0x00002d7a       0x1c ./source/oslib.o
                0x00002d7a                sem_new
 .text.sem_p    0x00002d96       0x16 ./source/oslib.o
                0x00002d96                sem_p
 .text.sem_v    0x00002dac       0x16 ./source/oslib.o
                0x00002dac                sem_v
 .text.HardFault_Handler
                0x00002dc2       0x2c ./source/semihost_hardfault.o
                0x00002dc2                HardFault_Handler
 .text.sys_add  0x00002dee       0x1c ./kernel/kernel.o
                0x00002dee                sys_add
 .text.sys_tick_cb
                0x00002e0a        0xe ./kernel/kernel.o
                0x00002e0a                sys_tick_cb
 .text.sys_task_new
                0x00002e18       0x2e ./kernel/kernel.o
                0x00002e18                sys_task_new
 .text.sys_task_kill
                0x00002e46       0x10 ./kernel/kernel.o
                0x00002e46                sys_task_kill
 .text.sys_task_id
                0x00002e56       0x10 ./kernel/kernel.o
                0x00002e56                sys_task_id
 .text.sys_task_wait
                0x00002e66       0x16 ./kernel/kernel.o
                0x00002e66                sys_task_wait
 .text.sys_sem_new
                0x00002e7c       0x16 ./kernel/kernel.o
                0x00002e7c                sys_sem_new
 .text.sys_sem_p
                0x00002e92       0x18 ./kernel/kernel.o
                0x00002e92                sys_sem_p
 .text.sys_sem_v
                0x00002eaa       0x18 ./kernel/kernel.o
                0x00002eaa                sys_sem_v
 .text.CLOCK_IsPLL0Locked
                0x00002ec2       0x24 ./drivers/fsl_clock.o
 .text.findPll0PreDiv
                0x00002ee6       0x3e ./drivers/fsl_clock.o
 .text.DelayLoop
                0x00002f24       0x20 ./drivers/fsl_common.o
 .text.CLOCK_EnableClock
                0x00002f44       0x30 ./drivers/fsl_gpio.o
 .text.GPIO_PinInit
                0x00002f74       0xa0 ./drivers/fsl_gpio.o
                0x00002f74                GPIO_PinInit
 .text.CLOCK_EnableClock
                0x00003014       0x30 ./drivers/fsl_inputmux.o
 .text.CLOCK_DisableClock
                0x00003044       0x30 ./drivers/fsl_inputmux.o
 .text.INPUTMUX_Init
                0x00003074       0x16 ./drivers/fsl_inputmux.o
                0x00003074                INPUTMUX_Init
 .text.INPUTMUX_AttachSignal
                0x0000308a       0x38 ./drivers/fsl_inputmux.o
                0x0000308a                INPUTMUX_AttachSignal
 .text.INPUTMUX_Deinit
                0x000030c2       0x16 ./drivers/fsl_inputmux.o
                0x000030c2                INPUTMUX_Deinit
 .text.CLOCK_EnableClock
                0x000030d8       0x30 ./drivers/fsl_pint.o
 .text.EnableIRQ
                0x00003108       0x2c ./drivers/fsl_pint.o
 .text.PINT_PinInterruptClrFallFlag
                0x00003134       0x22 ./drivers/fsl_pint.o
 .text.PINT_PinInterruptClrRiseFlag
                0x00003156       0x22 ./drivers/fsl_pint.o
 .text.PINT_PatternMatchResetDetectLogic
                0x00003178       0x34 ./drivers/fsl_pint.o
                0x00003178                PINT_PatternMatchResetDetectLogic
 .text.PINT_PinInterruptClrStatus
                0x000031ac       0x4e ./drivers/fsl_pint.o
                0x000031ac                PINT_PinInterruptClrStatus
 .text.RESET_PeripheralReset
                0x000031fa       0x1c ./drivers/fsl_reset.o
                0x000031fa                RESET_PeripheralReset
 .text.SystemInitHook
                0x00003216        0xe ./device/system_LPC55S69_cm33_core0.o
                0x00003216                SystemInitHook
 .text.GPIO_PinWrite
                0x00003224       0x2a ./device/target.o
 .text.dev_init_test
                0x0000324e       0x2a ./device/target.o
 .text.dev_open_test
                0x00003278       0x50 ./device/target.o
 .text.dev_close_test
                0x000032c8       0x34 ./device/target.o
 .text.on_swuser_cb
                0x000032fc       0x18 ./device/target.o
 .text.DbgConsole_Init
                0x00003314       0x20 ./board/board.o
 .text.BOARD_InitBootClocks
                0x00003334        0xc ./board/clock_config.o
                0x00003334                BOARD_InitBootClocks
 .text.BOARD_InitPeripherals
                0x00003340        0xe ./board/peripherals.o
                0x00003340                BOARD_InitPeripherals
 .text.BOARD_InitBootPeripherals
                0x0000334e        0xc ./board/peripherals.o
                0x0000334e                BOARD_InitBootPeripherals
 .text.Chip_GetVersion
                0x0000335a       0x36 ./board/pin_mux.o
 .text.CLOCK_EnableClock
                0x00003390       0x30 ./board/pin_mux.o
 .text.IOCON_PinMuxSet
                0x000033c0       0x2e ./board/pin_mux.o
 .text.BOARD_InitBootPins
                0x000033ee        0xc ./board/pin_mux.o
                0x000033ee                BOARD_InitBootPins
 .text.__main   0x000033fa        0xe c:/nxp/mcuxpressoide_11.2.0_4120/ide/plugins/com.nxp.mcuxpresso.tools.win32_11.2.0.202001021529/tools/bin/../lib/gcc/arm-none-eabi/9.2.1/../../../../arm-none-eabi/lib/thumb/v8-m.main+fp/hard\libcr_semihost_nf.a(_cr__main.o)
                0x000033fa                __CR_SEMIHOST
                0x000033fa                __main
 .text.memcpy   0x00003408        0x4 c:/nxp/mcuxpressoide_11.2.0_4120/ide/plugins/com.nxp.mcuxpresso.tools.win32_11.2.0.202001021529/tools/bin/../lib/gcc/arm-none-eabi/9.2.1/../../../../arm-none-eabi/lib/thumb/v8-m.main+fp/hard\libcr_c.a(memcpy.o)
                0x00003408                memcpy
 .text.memset   0x0000340c        0x4 c:/nxp/mcuxpressoide_11.2.0_4120/ide/plugins/com.nxp.mcuxpresso.tools.win32_11.2.0.202001021529/tools/bin/../lib/gcc/arm-none-eabi/9.2.1/../../../../arm-none-eabi/lib/thumb/v8-m.main+fp/hard\libcr_c.a(memset.o)
                0x0000340c                memset
 .text._deferredlazyseek
                0x00003410       0x40 c:/nxp/mcuxpressoide_11.2.0_4120/ide/plugins/com.nxp.mcuxpresso.tools.win32_11.2.0.202001021529/tools/bin/../lib/gcc/arm-none-eabi/9.2.1/../../../../arm-none-eabi/lib/thumb/v8-m.main+fp/hard\libcr_c.a(_deferredlazyseek.o)
                0x00003410                _deferredlazyseek
 .text.__flsbuf
                0x00003450      0x140 c:/nxp/mcuxpressoide_11.2.0_4120/ide/plugins/com.nxp.mcuxpresso.tools.win32_11.2.0.202001021529/tools/bin/../lib/gcc/arm-none-eabi/9.2.1/../../../../arm-none-eabi/lib/thumb/v8-m.main+fp/hard\libcr_c.a(_deferredlazyseek.o)
                0x00003450                __flsbuf
 .text._fflush  0x00003590       0x52 c:/nxp/mcuxpressoide_11.2.0_4120/ide/plugins/com.nxp.mcuxpresso.tools.win32_11.2.0.202001021529/tools/bin/../lib/gcc/arm-none-eabi/9.2.1/../../../../arm-none-eabi/lib/thumb/v8-m.main+fp/hard\libcr_c.a(_fflush.o)
                0x00003590                _fflush
 .text.free     0x000035e2       0x30 c:/nxp/mcuxpressoide_11.2.0_4120/ide/plugins/com.nxp.mcuxpresso.tools.win32_11.2.0.202001021529/tools/bin/../lib/gcc/arm-none-eabi/9.2.1/../../../../arm-none-eabi/lib/thumb/v8-m.main+fp/hard\libcr_c.a(alloc.o)
                0x000035e2                free
 .text.fputs    0x00003612       0x2c c:/nxp/mcuxpressoide_11.2.0_4120/ide/plugins/com.nxp.mcuxpresso.tools.win32_11.2.0.202001021529/tools/bin/../lib/gcc/arm-none-eabi/9.2.1/../../../../arm-none-eabi/lib/thumb/v8-m.main+fp/hard\libcr_c.a(fputs.o)
                0x00003612                fputs
 .text.no_fp_display
                0x0000363e        0x4 c:/nxp/mcuxpressoide_11.2.0_4120/ide/plugins/com.nxp.mcuxpresso.tools.win32_11.2.0.202001021529/tools/bin/../lib/gcc/arm-none-eabi/9.2.1/../../../../arm-none-eabi/lib/thumb/v8-m.main+fp/hard\libcr_c.a(printf.o)
 .text.setvbuf  0x00003642       0x3e c:/nxp/mcuxpressoide_11.2.0_4120/ide/plugins/com.nxp.mcuxpresso.tools.win32_11.2.0.202001021529/tools/bin/../lib/gcc/arm-none-eabi/9.2.1/../../../../arm-none-eabi/lib/thumb/v8-m.main+fp/hard\libcr_c.a(setvbuf.o)
                0x00003642                setvbuf
 .text.strlen   0x00003680       0x4c c:/nxp/mcuxpressoide_11.2.0_4120/ide/plugins/com.nxp.mcuxpresso.tools.win32_11.2.0.202001021529/tools/bin/../lib/gcc/arm-none-eabi/9.2.1/../../../../arm-none-eabi/lib/thumb/v8-m.main+fp/hard\libcr_c.a(strlen.o)
                0x00003680                strlen
 .text._fdopen  0x000036cc       0x68 c:/nxp/mcuxpressoide_11.2.0_4120/ide/plugins/com.nxp.mcuxpresso.tools.win32_11.2.0.202001021529/tools/bin/../lib/gcc/arm-none-eabi/9.2.1/../../../../arm-none-eabi/lib/thumb/v8-m.main+fp/hard\libcr_c.a(_fdopen.o)
                0x000036cc                _fdopen
 .text.fclose   0x00003734       0x58 c:/nxp/mcuxpressoide_11.2.0_4120/ide/plugins/com.nxp.mcuxpresso.tools.win32_11.2.0.202001021529/tools/bin/../lib/gcc/arm-none-eabi/9.2.1/../../../../arm-none-eabi/lib/thumb/v8-m.main+fp/hard\libcr_c.a(fclose.o)
                0x00003734                fclose
 .text.remove   0x0000378c       0x14 c:/nxp/mcuxpressoide_11.2.0_4120/ide/plugins/com.nxp.mcuxpresso.tools.win32_11.2.0.202001021529/tools/bin/../lib/gcc/arm-none-eabi/9.2.1/../../../../arm-none-eabi/lib/thumb/v8-m.main+fp/hard\libcr_c.a(remove.o)
                0x0000378c                remove
 .text._do_fflush
                0x000037a0       0x40 c:/nxp/mcuxpressoide_11.2.0_4120/ide/plugins/com.nxp.mcuxpresso.tools.win32_11.2.0.202001021529/tools/bin/../lib/gcc/arm-none-eabi/9.2.1/../../../../arm-none-eabi/lib/thumb/v8-m.main+fp/hard\libcr_c.a(_do_fflush.o)
                0x000037a0                _do_fflush
 .text.__aeabi_division_uldivmod
                0x000037e0      0x174 c:/nxp/mcuxpressoide_11.2.0_4120/ide/plugins/com.nxp.mcuxpresso.tools.win32_11.2.0.202001021529/tools/bin/../lib/gcc/arm-none-eabi/9.2.1/thumb/v8-m.main+fp/hard\libcr_eabihelpers.a(division_64.o)
                0x000037e0                __aeabi_uldivmod
                0x000037e4                __bhs_ldivmod1
 .text.__aeabi_division_idiv0
                0x00003954        0x2 c:/nxp/mcuxpressoide_11.2.0_4120/ide/plugins/com.nxp.mcuxpresso.tools.win32_11.2.0.202001021529/tools/bin/../lib/gcc/arm-none-eabi/9.2.1/thumb/v8-m.main+fp/hard\libcr_eabihelpers.a(division_idiv0.o)
                0x00003954                __aeabi_idiv0
 .text.__aeabi_memcpy
                0x00003956       0x34 c:/nxp/mcuxpressoide_11.2.0_4120/ide/plugins/com.nxp.mcuxpresso.tools.win32_11.2.0.202001021529/tools/bin/../lib/gcc/arm-none-eabi/9.2.1/thumb/v8-m.main+fp/hard\libcr_eabihelpers.a(memcpy.o)
                0x00003956                __aeabi_memcpy
                0x00003960                __aeabi_memcpy8
                0x00003960                __aeabi_memcpy4
 .text.__aeabi_memset_lowlevel
                0x0000398a       0x32 c:/nxp/mcuxpressoide_11.2.0_4120/ide/plugins/com.nxp.mcuxpresso.tools.win32_11.2.0.202001021529/tools/bin/../lib/gcc/arm-none-eabi/9.2.1/thumb/v8-m.main+fp/hard\libcr_eabihelpers.a(memcpy.o)
                0x0000398a                __aeabi_lowlevel_memset
 .text.__sys_close
                0x000039bc        0xc c:/nxp/mcuxpressoide_11.2.0_4120/ide/plugins/com.nxp.mcuxpresso.tools.win32_11.2.0.202001021529/tools/bin/../lib/gcc/arm-none-eabi/9.2.1/../../../../arm-none-eabi/lib/thumb/v8-m.main+fp/hard\libcr_semihost_nf.a(__sys_close.o)
                0x000039bc                __sys_close
 .text.__sys_flen
                0x000039c8        0xc c:/nxp/mcuxpressoide_11.2.0_4120/ide/plugins/com.nxp.mcuxpresso.tools.win32_11.2.0.202001021529/tools/bin/../lib/gcc/arm-none-eabi/9.2.1/../../../../arm-none-eabi/lib/thumb/v8-m.main+fp/hard\libcr_semihost_nf.a(__sys_flen.o)
                0x000039c8                __sys_flen
 .text.__sys_istty
                0x000039d4        0xc c:/nxp/mcuxpressoide_11.2.0_4120/ide/plugins/com.nxp.mcuxpresso.tools.win32_11.2.0.202001021529/tools/bin/../lib/gcc/arm-none-eabi/9.2.1/../../../../arm-none-eabi/lib/thumb/v8-m.main+fp/hard\libcr_semihost_nf.a(__sys_istty.o)
                0x000039d4                __sys_istty
 .text.__sys_remove
                0x000039e0        0xc c:/nxp/mcuxpressoide_11.2.0_4120/ide/plugins/com.nxp.mcuxpresso.tools.win32_11.2.0.202001021529/tools/bin/../lib/gcc/arm-none-eabi/9.2.1/../../../../arm-none-eabi/lib/thumb/v8-m.main+fp/hard\libcr_semihost_nf.a(__sys_remove.o)
                0x000039e0                __sys_remove
 .text.__sys_seek
                0x000039ec        0xc c:/nxp/mcuxpressoide_11.2.0_4120/ide/plugins/com.nxp.mcuxpresso.tools.win32_11.2.0.202001021529/tools/bin/../lib/gcc/arm-none-eabi/9.2.1/../../../../arm-none-eabi/lib/thumb/v8-m.main+fp/hard\libcr_semihost_nf.a(__sys_seek.o)
                0x000039ec                __sys_seek
 .text.__sys_tmpnam
                0x000039f8        0xc c:/nxp/mcuxpressoide_11.2.0_4120/ide/plugins/com.nxp.mcuxpresso.tools.win32_11.2.0.202001021529/tools/bin/../lib/gcc/arm-none-eabi/9.2.1/../../../../arm-none-eabi/lib/thumb/v8-m.main+fp/hard\libcr_semihost_nf.a(__sys_tmpnam.o)
                0x000039f8                __sys_tmpnam
 .text.__sys_write
                0x00003a04        0xc c:/nxp/mcuxpressoide_11.2.0_4120/ide/plugins/com.nxp.mcuxpresso.tools.win32_11.2.0.202001021529/tools/bin/../lib/gcc/arm-none-eabi/9.2.1/../../../../arm-none-eabi/lib/thumb/v8-m.main+fp/hard\libcr_semihost_nf.a(__sys_write.o)
                0x00003a04                __sys_write
 *(SORT_BY_ALIGNMENT(.rodata) SORT_BY_ALIGNMENT(.rodata.*) SORT_BY_ALIGNMENT(.constdata) SORT_BY_ALIGNMENT(.constdata.*))
 .rodata.main.str1.4
                0x00003a10        0xf ./source/main.o
 *fill*         0x00003a1f        0x1 ff
 .rodata.SDK_DelayAtLeastUs.str1.4
                0x00003a20       0x4c ./drivers/fsl_common.o
 .rodata.FLEXCOMM0_DriverIRQHandler.str1.4
                0x00003a6c       0x2e ./drivers/fsl_flexcomm.o
 *fill*         0x00003a9a        0x2 ff
 .rodata.FLEXCOMM1_DriverIRQHandler.str1.4
                0x00003a9c       0x2e ./drivers/fsl_flexcomm.o
 *fill*         0x00003aca        0x2 ff
 .rodata.FLEXCOMM2_DriverIRQHandler.str1.4
                0x00003acc       0x2e ./drivers/fsl_flexcomm.o
 *fill*         0x00003afa        0x2 ff
 .rodata.FLEXCOMM3_DriverIRQHandler.str1.4
                0x00003afc       0x2e ./drivers/fsl_flexcomm.o
 *fill*         0x00003b2a        0x2 ff
 .rodata.FLEXCOMM4_DriverIRQHandler.str1.4
                0x00003b2c       0x2e ./drivers/fsl_flexcomm.o
 *fill*         0x00003b5a        0x2 ff
 .rodata.FLEXCOMM5_DriverIRQHandler.str1.4
                0x00003b5c       0x2e ./drivers/fsl_flexcomm.o
 *fill*         0x00003b8a        0x2 ff
 .rodata.FLEXCOMM6_DriverIRQHandler.str1.4
                0x00003b8c       0x2e ./drivers/fsl_flexcomm.o
 *fill*         0x00003bba        0x2 ff
 .rodata.FLEXCOMM7_DriverIRQHandler.str1.4
                0x00003bbc       0x2e ./drivers/fsl_flexcomm.o
 *fill*         0x00003bea        0x2 ff
 .rodata.FLEXCOMM8_DriverIRQHandler.str1.4
                0x00003bec       0x2e ./drivers/fsl_flexcomm.o
 *fill*         0x00003c1a        0x2 ff
 .rodata.s_gpioClockName
                0x00003c1c        0x8 ./drivers/fsl_gpio.o
 .rodata.s_gpioResets
                0x00003c24       0x18 ./drivers/fsl_gpio.o
 .rodata.GPIO_PortInit.str1.4
                0x00003c3c       0x34 ./drivers/fsl_gpio.o
 .rodata.s_pintIRQ
                0x00003c70        0xa ./drivers/fsl_pint.o
 *fill*         0x00003c7a        0x2 ff
 .rodata.PINT_Init.str1.4
                0x00003c7c       0x1e ./drivers/fsl_pint.o
 *fill*         0x00003c9a        0x2 ff
 .rodata.PINT_PinInterruptConfig.str1.4
                0x00003c9c       0x1f ./drivers/fsl_pint.o
 *fill*         0x00003cbb        0x1 ff
 .rodata.PINT_EnableCallbackByIndex.str1.4
                0x00003cbc       0x1f ./drivers/fsl_pint.o
 *fill*         0x00003cdb        0x1 ff
 .rodata.RESET_SetPeripheralReset.str1.4
                0x00003cdc       0x1f ./drivers/fsl_reset.o
 *fill*         0x00003cfb        0x1 ff
 .rodata.RESET_ClearPeripheralReset.str1.4
                0x00003cfc       0x1f ./drivers/fsl_reset.o
 *fill*         0x00003d1b        0x1 ff
 .rodata.dev_read_test.str1.4
                0x00003d1c       0x13 ./device/target.o
 *fill*         0x00003d2f        0x1 ff
 .rodata        0x00003d30        0x2 ./device/target.o
 *fill*         0x00003d32        0x2 ff
 .rodata.__num_Ciob_streams
                0x00003d34        0x4 c:/nxp/mcuxpressoide_11.2.0_4120/ide/plugins/com.nxp.mcuxpresso.tools.win32_11.2.0.202001021529/tools/bin/../lib/gcc/arm-none-eabi/9.2.1/../../../../arm-none-eabi/lib/thumb/v8-m.main+fp/hard\libcr_semihost_nf.a(__ciob.o)
                0x00003d34                __num_Ciob_streams
 .rodata.__assertion_failed.str1.1
                0x00003d38       0x15 c:/nxp/mcuxpressoide_11.2.0_4120/ide/plugins/com.nxp.mcuxpresso.tools.win32_11.2.0.202001021529/tools/bin/../lib/gcc/arm-none-eabi/9.2.1/../../../../arm-none-eabi/lib/thumb/v8-m.main+fp/hard\libcr_semihost_nf.a(_cr_assert.o)
 .rodata._Csys_alloc.str1.1
                0x00003d4d       0x18 c:/nxp/mcuxpressoide_11.2.0_4120/ide/plugins/com.nxp.mcuxpresso.tools.win32_11.2.0.202001021529/tools/bin/../lib/gcc/arm-none-eabi/9.2.1/../../../../arm-none-eabi/lib/thumb/v8-m.main+fp/hard\libcr_c.a(alloc.o)
 .rodata._initio.str1.1
                0x00003d65        0x4 c:/nxp/mcuxpressoide_11.2.0_4120/ide/plugins/com.nxp.mcuxpresso.tools.win32_11.2.0.202001021529/tools/bin/../lib/gcc/arm-none-eabi/9.2.1/../../../../arm-none-eabi/lib/thumb/v8-m.main+fp/hard\libcr_c.a(initio.o)
 .rodata.__vfprintf.str1.1
                0x00003d69       0x35 c:/nxp/mcuxpressoide_11.2.0_4120/ide/plugins/com.nxp.mcuxpresso.tools.win32_11.2.0.202001021529/tools/bin/../lib/gcc/arm-none-eabi/9.2.1/../../../../arm-none-eabi/lib/thumb/v8-m.main+fp/hard\libcr_c.a(printf.o)
                                 0x38 (size before relaxing)
                0x00003da0                . = ALIGN (0x4)
 *fill*         0x00003d9e        0x2 ff

.glue_7         0x00003da0        0x0
 .glue_7        0x00003da0        0x0 linker stubs

.glue_7t        0x00003da0        0x0
 .glue_7t       0x00003da0        0x0 linker stubs

.vfp11_veneer   0x00003da0        0x0
 .vfp11_veneer  0x00003da0        0x0 linker stubs

.v4_bx          0x00003da0        0x0
 .v4_bx         0x00003da0        0x0 linker stubs

.iplt           0x00003da0        0x0
 .iplt          0x00003da0        0x0 ./startup/startup_lpc55s69_cm33_core0.o

.rel.dyn        0x00003da0        0x0
 .rel.iplt      0x00003da0        0x0 ./startup/startup_lpc55s69_cm33_core0.o

.ARM.extab
 *(SORT_BY_ALIGNMENT(.ARM.extab*) SORT_BY_ALIGNMENT(.gnu.linkonce.armextab.*))

.ARM.exidx      0x00003da0        0x0
                0x00003da0                __exidx_start = .
 *(SORT_BY_ALIGNMENT(.ARM.exidx*) SORT_BY_ALIGNMENT(.gnu.linkonce.armexidx.*))
                0x00003da0                __exidx_end = .
                0x00003da0                _etext = .

.m_usb_data
 *(SORT_BY_ALIGNMENT(m_usb_global))

.data_RAM2      0x20040000        0x0 load address 0x00003da0
 FILL mask 0xff
                [!provide]                PROVIDE (__start_data_RAM2 = .)
                [!provide]                PROVIDE (__start_data_SRAM4 = .)
 *(SORT_BY_ALIGNMENT(.ramfunc.$RAM2))
 *(SORT_BY_ALIGNMENT(.ramfunc.$SRAM4))
 *(SORT_BY_ALIGNMENT(.data.$RAM2))
 *(SORT_BY_ALIGNMENT(.data.$SRAM4))
 *(SORT_BY_ALIGNMENT(.data.$RAM2.*))
 *(SORT_BY_ALIGNMENT(.data.$SRAM4.*))
                0x20040000                . = ALIGN (0x4)
                [!provide]                PROVIDE (__end_data_RAM2 = .)
                [!provide]                PROVIDE (__end_data_SRAM4 = .)

.data_RAM3      0x04000000        0x0 load address 0x00003da0
 FILL mask 0xff
                [!provide]                PROVIDE (__start_data_RAM3 = .)
                [!provide]                PROVIDE (__start_data_SRAMX = .)
 *(SORT_BY_ALIGNMENT(.ramfunc.$RAM3))
 *(SORT_BY_ALIGNMENT(.ramfunc.$SRAMX))
 *(SORT_BY_ALIGNMENT(.data.$RAM3))
 *(SORT_BY_ALIGNMENT(.data.$SRAMX))
 *(SORT_BY_ALIGNMENT(.data.$RAM3.*))
 *(SORT_BY_ALIGNMENT(.data.$SRAMX.*))
                0x04000000                . = ALIGN (0x4)
                [!provide]                PROVIDE (__end_data_RAM3 = .)
                [!provide]                PROVIDE (__end_data_SRAMX = .)

.data_RAM4      0x40100000        0x0 load address 0x00003da0
 FILL mask 0xff
                [!provide]                PROVIDE (__start_data_RAM4 = .)
                [!provide]                PROVIDE (__start_data_USB_RAM = .)
 *(SORT_BY_ALIGNMENT(.ramfunc.$RAM4))
 *(SORT_BY_ALIGNMENT(.ramfunc.$USB_RAM))
 *(SORT_BY_ALIGNMENT(.data.$RAM4))
 *(SORT_BY_ALIGNMENT(.data.$USB_RAM))
 *(SORT_BY_ALIGNMENT(.data.$RAM4.*))
 *(SORT_BY_ALIGNMENT(.data.$USB_RAM.*))
                0x40100000                . = ALIGN (0x4)
                [!provide]                PROVIDE (__end_data_RAM4 = .)
                [!provide]                PROVIDE (__end_data_USB_RAM = .)

.uninit_RESERVED
                0x20000000        0x0
                0x20000000                _start_uninit_RESERVED = .
 *(SORT_BY_ALIGNMENT(.bss.$RESERVED*))
                0x20000000                . = ALIGN (0x4)
                0x20000000                _end_uninit_RESERVED = .

.data           0x20000000       0xb4 load address 0x00003da0
 FILL mask 0xff
                0x20000000                _data = .
                [!provide]                PROVIDE (__start_data_RAM = .)
                [!provide]                PROVIDE (__start_data_SRAM = .)
 *(SORT_BY_ALIGNMENT(vtable))
 *(SORT_BY_ALIGNMENT(.ramfunc*))
 *(SORT_BY_ALIGNMENT(CodeQuickAccess))
 *(SORT_BY_ALIGNMENT(DataQuickAccess))
 *(SORT_BY_ALIGNMENT(RamFunction))
 *(SORT_BY_ALIGNMENT(.data*))
 .data.s_Ext_Clk_Freq
                0x20000000        0x4 ./drivers/fsl_clock.o
 .data.SystemCoreClock
                0x20000004        0x4 ./device/system_LPC55S69_cm33_core0.o
                0x20000004                SystemCoreClock
 .data.dev_test
                0x20000008       0x34 ./device/target.o
                0x20000008                dev_test
 .data.dev_leds
                0x2000003c       0x34 ./device/target.o
                0x2000003c                dev_leds
 .data.dev_swuser
                0x20000070       0x34 ./device/target.o
                0x20000070                dev_swuser
 .data.device_table
                0x200000a4       0x10 ./device/target.o
                0x200000a4                device_table
                0x200000b4                . = ALIGN (0x4)
                0x200000b4                _edata = .
                [!provide]                PROVIDE (__end_data_RAM = .)
                [!provide]                PROVIDE (__end_data_SRAM = .)

.igot.plt       0x200000b4        0x0 load address 0x00003e54
 .igot.plt      0x200000b4        0x0 ./startup/startup_lpc55s69_cm33_core0.o

.bss_RAM2       0x20040000        0x0
                [!provide]                PROVIDE (__start_bss_RAM2 = .)
                [!provide]                PROVIDE (__start_bss_SRAM4 = .)
 *(SORT_BY_ALIGNMENT(.bss.$RAM2))
 *(SORT_BY_ALIGNMENT(.bss.$SRAM4))
 *(SORT_BY_ALIGNMENT(.bss.$RAM2.*))
 *(SORT_BY_ALIGNMENT(.bss.$SRAM4.*))
                0x20040000                . = ALIGN ((. != 0x0)?0x4:0x1)
                [!provide]                PROVIDE (__end_bss_RAM2 = .)
                [!provide]                PROVIDE (__end_bss_SRAM4 = .)

.bss_RAM3       0x04000000        0x0
                [!provide]                PROVIDE (__start_bss_RAM3 = .)
                [!provide]                PROVIDE (__start_bss_SRAMX = .)
 *(SORT_BY_ALIGNMENT(.bss.$RAM3))
 *(SORT_BY_ALIGNMENT(.bss.$SRAMX))
 *(SORT_BY_ALIGNMENT(.bss.$RAM3.*))
 *(SORT_BY_ALIGNMENT(.bss.$SRAMX.*))
                0x04000000                . = ALIGN ((. != 0x0)?0x4:0x1)
                [!provide]                PROVIDE (__end_bss_RAM3 = .)
                [!provide]                PROVIDE (__end_bss_SRAMX = .)

.bss_RAM4       0x40100000        0x0
                [!provide]                PROVIDE (__start_bss_RAM4 = .)
                [!provide]                PROVIDE (__start_bss_USB_RAM = .)
 *(SORT_BY_ALIGNMENT(.bss.$RAM4))
 *(SORT_BY_ALIGNMENT(.bss.$USB_RAM))
 *(SORT_BY_ALIGNMENT(.bss.$RAM4.*))
 *(SORT_BY_ALIGNMENT(.bss.$USB_RAM.*))
                0x40100000                . = ALIGN ((. != 0x0)?0x4:0x1)
                [!provide]                PROVIDE (__end_bss_RAM4 = .)
                [!provide]                PROVIDE (__end_bss_USB_RAM = .)

.bss            0x200000b4      0x194
                0x200000b4                _bss = .
                [!provide]                PROVIDE (__start_bss_RAM = .)
                [!provide]                PROVIDE (__start_bss_SRAM = .)
 *(SORT_BY_ALIGNMENT(.bss*))
 .bss.tsk_running
                0x200000b4        0x4 ./kernel/kernel.o
                0x200000b4                tsk_running
 .bss.tsk_prev  0x200000b8        0x4 ./kernel/kernel.o
                0x200000b8                tsk_prev
 .bss.sys_tick_cnt
                0x200000bc        0x4 ./kernel/kernel.o
                0x200000bc                sys_tick_cnt
 .bss.s_Pll0_Freq
                0x200000c0        0x4 ./drivers/fsl_clock.o
 .bss.s_flexcommIrqHandler
                0x200000c4       0x24 ./drivers/fsl_flexcomm.o
 .bss.s_flexcommHandle
                0x200000e8       0x24 ./drivers/fsl_flexcomm.o
 .bss.s_pintCallback
                0x2000010c       0x28 ./drivers/fsl_pint.o
 .bss.opened_fds
                0x20000134       0x50 ./device/vfs.o
                0x20000134                opened_fds
 .bss.vfs_mutex
                0x20000184        0x4 ./device/vfs.o
                0x20000184                vfs_mutex
 .bss.__Ciob    0x20000188       0xb4 c:/nxp/mcuxpressoide_11.2.0_4120/ide/plugins/com.nxp.mcuxpresso.tools.win32_11.2.0.202001021529/tools/bin/../lib/gcc/arm-none-eabi/9.2.1/../../../../arm-none-eabi/lib/thumb/v8-m.main+fp/hard\libcr_semihost_nf.a(__ciob.o)
                0x20000188                __Ciob
 .bss.__end_of_heap
                0x2000023c        0x4 c:/nxp/mcuxpressoide_11.2.0_4120/ide/plugins/com.nxp.mcuxpresso.tools.win32_11.2.0.202001021529/tools/bin/../lib/gcc/arm-none-eabi/9.2.1/../../../../arm-none-eabi/lib/thumb/v8-m.main+fp/hard\libcr_c.a(__init_alloc.o)
                0x2000023c                __end_of_heap
 .bss.__heaps   0x20000240        0x4 c:/nxp/mcuxpressoide_11.2.0_4120/ide/plugins/com.nxp.mcuxpresso.tools.win32_11.2.0.202001021529/tools/bin/../lib/gcc/arm-none-eabi/9.2.1/../../../../arm-none-eabi/lib/thumb/v8-m.main+fp/hard\libcr_c.a(__init_alloc.o)
                0x20000240                __heaps
 .bss.errno     0x20000244        0x4 c:/nxp/mcuxpressoide_11.2.0_4120/ide/plugins/com.nxp.mcuxpresso.tools.win32_11.2.0.202001021529/tools/bin/../lib/gcc/arm-none-eabi/9.2.1/../../../../arm-none-eabi/lib/thumb/v8-m.main+fp/hard\libcr_c.a(errno.o)
                0x20000244                errno
 *(SORT_BY_ALIGNMENT(COMMON))
                0x20000248                . = ALIGN (0x4)
                0x20000248                _ebss = .
                [!provide]                PROVIDE (__end_bss_RAM = .)
                [!provide]                PROVIDE (__end_bss_SRAM = .)
                [!provide]                PROVIDE (end = .)

.noinit_RAM2    0x20040000        0x0
                [!provide]                PROVIDE (__start_noinit_RAM2 = .)
                [!provide]                PROVIDE (__start_noinit_SRAM4 = .)
 *(SORT_BY_ALIGNMENT(.noinit.$RAM2))
 *(SORT_BY_ALIGNMENT(.noinit.$SRAM4))
 *(SORT_BY_ALIGNMENT(.noinit.$RAM2.*))
 *(SORT_BY_ALIGNMENT(.noinit.$SRAM4.*))
                0x20040000                . = ALIGN (0x4)
                [!provide]                PROVIDE (__end_noinit_RAM2 = .)
                [!provide]                PROVIDE (__end_noinit_SRAM4 = .)

.noinit_RAM3    0x04000000        0x0
                [!provide]                PROVIDE (__start_noinit_RAM3 = .)
                [!provide]                PROVIDE (__start_noinit_SRAMX = .)
 *(SORT_BY_ALIGNMENT(.noinit.$RAM3))
 *(SORT_BY_ALIGNMENT(.noinit.$SRAMX))
 *(SORT_BY_ALIGNMENT(.noinit.$RAM3.*))
 *(SORT_BY_ALIGNMENT(.noinit.$SRAMX.*))
                0x04000000                . = ALIGN (0x4)
                [!provide]                PROVIDE (__end_noinit_RAM3 = .)
                [!provide]                PROVIDE (__end_noinit_SRAMX = .)

.noinit_RAM4    0x40100000        0x0
                [!provide]                PROVIDE (__start_noinit_RAM4 = .)
                [!provide]                PROVIDE (__start_noinit_USB_RAM = .)
 *(SORT_BY_ALIGNMENT(.noinit.$RAM4))
 *(SORT_BY_ALIGNMENT(.noinit.$USB_RAM))
 *(SORT_BY_ALIGNMENT(.noinit.$RAM4.*))
 *(SORT_BY_ALIGNMENT(.noinit.$USB_RAM.*))
                0x40100000                . = ALIGN (0x4)
                [!provide]                PROVIDE (__end_noinit_RAM4 = .)
                [!provide]                PROVIDE (__end_noinit_USB_RAM = .)

.noinit         0x20000248        0x0
                0x20000248                _noinit = .
                [!provide]                PROVIDE (__start_noinit_RAM = .)
                [!provide]                PROVIDE (__start_noinit_SRAM = .)
 *(SORT_BY_ALIGNMENT(.noinit*))
                0x20000248                . = ALIGN (0x4)
                0x20000248                _end_noinit = .
                [!provide]                PROVIDE (__end_noinit_RAM = .)
                [!provide]                PROVIDE (__end_noinit_SRAM = .)
                0x00001000                _HeapSize = 0x1000

.heap           0x20000248     0x1000
                0x20000248                _pvHeapStart = .
                0x20001248                . = (. + _HeapSize)
 *fill*         0x20000248     0x1000 
                0x20001248                . = ALIGN (0x4)
                0x20001248                _pvHeapLimit = .
                0x00001000                _StackSize = 0x1000

.heap2stackfill
                0x20001248     0x1000
                0x20002248                . = (. + _StackSize)
 *fill*         0x20001248     0x1000 

.stack          0x2003f000        0x0
                0x2003f000                _vStackBase = .
                0x2003f000                . = ALIGN (0x4)
                0x20040000                _vStackTop = (. + _StackSize)
                [!provide]                PROVIDE (__valid_user_code_checksum = (0x0 - ((((((_vStackTop + (ResetISR + 0x1)) + (NMI_Handler + 0x1)) + (HardFault_Handler + 0x1)) + (DEFINED (MemManage_Handler)?MemManage_Handler:0x0 + 0x1)) + (DEFINED (BusFault_Handler)?BusFault_Handler:0x0 + 0x1)) + (DEFINED (UsageFault_Handler)?UsageFault_Handler:0x0 + 0x1))))
                0x00000000                _image_start = LOADADDR (.text)
                0x00003e54                _image_end = (LOADADDR (.data) + SIZEOF (.data))
                0x00003e54                _image_size = (_image_end - _image_start)
OUTPUT(LPC55S69_OS.src.axf elf32-littlearm)

.debug_info     0x00000000    0x18d7a
 .debug_info    0x00000000     0x10eb ./startup/startup_lpc55s69_cm33_core0.o
 .debug_info    0x000010eb       0x22 ./startup/svc.o
 .debug_info    0x0000110d      0x4e8 ./source/main.o
 .debug_info    0x000015f5      0x30f ./source/oslib.o
 .debug_info    0x00001904       0x3c ./source/semihost_hardfault.o
 .debug_info    0x00001940      0xdf4 ./kernel/kernel.o
 .debug_info    0x00002734     0x3188 ./drivers/fsl_clock.o
 .debug_info    0x000058bc      0x2a8 ./drivers/fsl_common.o
 .debug_info    0x00005b64     0x19d7 ./drivers/fsl_flexcomm.o
 .debug_info    0x0000753b     0x1702 ./drivers/fsl_gpio.o
 .debug_info    0x00008c3d     0x1e87 ./drivers/fsl_inputmux.o
 .debug_info    0x0000aac4     0x21f5 ./drivers/fsl_pint.o
 .debug_info    0x0000ccb9      0xf17 ./drivers/fsl_reset.o
 .debug_info    0x0000dbd0     0x13b4 ./device/system_LPC55S69_cm33_core0.o
 .debug_info    0x0000ef84     0x2263 ./device/target.o
 .debug_info    0x000111e7      0x856 ./device/vfs.o
 .debug_info    0x00011a3d      0xa4b ./board/board.o
 .debug_info    0x00012488     0x15c6 ./board/clock_config.o
 .debug_info    0x00013a4e       0x4e ./board/peripherals.o
 .debug_info    0x00013a9c     0x1ea1 ./board/pin_mux.o
 .debug_info    0x0001593d     0x343d C:\Users\Jamal\Desktop\Discord COURS\S7\OS\LPC55S69_OS.src\libs\libpower_hardabi.a(fsl_power_lib.o)

.debug_abbrev   0x00000000     0x2a27
 .debug_abbrev  0x00000000      0x263 ./startup/startup_lpc55s69_cm33_core0.o
 .debug_abbrev  0x00000263       0x12 ./startup/svc.o
 .debug_abbrev  0x00000275      0x125 ./source/main.o
 .debug_abbrev  0x0000039a      0x160 ./source/oslib.o
 .debug_abbrev  0x000004fa       0x31 ./source/semihost_hardfault.o
 .debug_abbrev  0x0000052b      0x31b ./kernel/kernel.o
 .debug_abbrev  0x00000846      0x38c ./drivers/fsl_clock.o
 .debug_abbrev  0x00000bd2      0x153 ./drivers/fsl_common.o
 .debug_abbrev  0x00000d25      0x2f0 ./drivers/fsl_flexcomm.o
 .debug_abbrev  0x00001015      0x244 ./drivers/fsl_gpio.o
 .debug_abbrev  0x00001259      0x209 ./drivers/fsl_inputmux.o
 .debug_abbrev  0x00001462      0x30c ./drivers/fsl_pint.o
 .debug_abbrev  0x0000176e      0x195 ./drivers/fsl_reset.o
 .debug_abbrev  0x00001903      0x1fa ./device/system_LPC55S69_cm33_core0.o
 .debug_abbrev  0x00001afd      0x2c9 ./device/target.o
 .debug_abbrev  0x00001dc6      0x1d7 ./device/vfs.o
 .debug_abbrev  0x00001f9d      0x172 ./board/board.o
 .debug_abbrev  0x0000210f      0x1f6 ./board/clock_config.o
 .debug_abbrev  0x00002305       0x4b ./board/peripherals.o
 .debug_abbrev  0x00002350      0x245 ./board/pin_mux.o
 .debug_abbrev  0x00002595      0x492 C:\Users\Jamal\Desktop\Discord COURS\S7\OS\LPC55S69_OS.src\libs\libpower_hardabi.a(fsl_power_lib.o)

.debug_aranges  0x00000000      0xb80
 .debug_aranges
                0x00000000      0x270 ./startup/startup_lpc55s69_cm33_core0.o
 .debug_aranges
                0x00000270       0x28 ./startup/svc.o
 .debug_aranges
                0x00000298       0x20 ./source/main.o
 .debug_aranges
                0x000002b8       0x78 ./source/oslib.o
 .debug_aranges
                0x00000330       0x20 ./source/semihost_hardfault.o
 .debug_aranges
                0x00000350       0x98 ./kernel/kernel.o
 .debug_aranges
                0x000003e8      0x220 ./drivers/fsl_clock.o
 .debug_aranges
                0x00000608       0x38 ./drivers/fsl_common.o
 .debug_aranges
                0x00000640       0x90 ./drivers/fsl_flexcomm.o
 .debug_aranges
                0x000006d0       0x30 ./drivers/fsl_gpio.o
 .debug_aranges
                0x00000700       0x40 ./drivers/fsl_inputmux.o
 .debug_aranges
                0x00000740      0x118 ./drivers/fsl_pint.o
 .debug_aranges
                0x00000858       0x30 ./drivers/fsl_reset.o
 .debug_aranges
                0x00000888       0x88 ./device/system_LPC55S69_cm33_core0.o
 .debug_aranges
                0x00000910       0xa0 ./device/target.o
 .debug_aranges
                0x000009b0       0x68 ./device/vfs.o
 .debug_aranges
                0x00000a18       0x30 ./board/board.o
 .debug_aranges
                0x00000a48       0x48 ./board/clock_config.o
 .debug_aranges
                0x00000a90       0x28 ./board/peripherals.o
 .debug_aranges
                0x00000ab8       0x40 ./board/pin_mux.o
 .debug_aranges
                0x00000af8       0x88 C:\Users\Jamal\Desktop\Discord COURS\S7\OS\LPC55S69_OS.src\libs\libpower_hardabi.a(fsl_power_lib.o)

.debug_ranges   0x00000000      0xb88
 .debug_ranges  0x00000000      0x260 ./startup/startup_lpc55s69_cm33_core0.o
 .debug_ranges  0x00000260       0x20 ./startup/svc.o
 .debug_ranges  0x00000280       0x10 ./source/main.o
 .debug_ranges  0x00000290       0x68 ./source/oslib.o
 .debug_ranges  0x000002f8       0x10 ./source/semihost_hardfault.o
 .debug_ranges  0x00000308       0x88 ./kernel/kernel.o
 .debug_ranges  0x00000390      0x210 ./drivers/fsl_clock.o
 .debug_ranges  0x000005a0       0x28 ./drivers/fsl_common.o
 .debug_ranges  0x000005c8       0x80 ./drivers/fsl_flexcomm.o
 .debug_ranges  0x00000648       0x20 ./drivers/fsl_gpio.o
 .debug_ranges  0x00000668       0x30 ./drivers/fsl_inputmux.o
 .debug_ranges  0x00000698      0x108 ./drivers/fsl_pint.o
 .debug_ranges  0x000007a0       0x20 ./drivers/fsl_reset.o
 .debug_ranges  0x000007c0       0x78 ./device/system_LPC55S69_cm33_core0.o
 .debug_ranges  0x00000838       0x90 ./device/target.o
 .debug_ranges  0x000008c8       0x58 ./device/vfs.o
 .debug_ranges  0x00000920       0x20 ./board/board.o
 .debug_ranges  0x00000940       0x38 ./board/clock_config.o
 .debug_ranges  0x00000978       0x18 ./board/peripherals.o
 .debug_ranges  0x00000990       0x30 ./board/pin_mux.o
 .debug_ranges  0x000009c0      0x1c8 C:\Users\Jamal\Desktop\Discord COURS\S7\OS\LPC55S69_OS.src\libs\libpower_hardabi.a(fsl_power_lib.o)

.debug_macro    0x00000000     0x245d
 .debug_macro   0x00000000      0x185 ./startup/startup_lpc55s69_cm33_core0.o
 .debug_macro   0x00000185       0x1c ./startup/startup_lpc55s69_cm33_core0.o
 .debug_macro   0x000001a1       0x22 ./startup/startup_lpc55s69_cm33_core0.o
 .debug_macro   0x000001c3       0x28 ./startup/startup_lpc55s69_cm33_core0.o
 .debug_macro   0x000001eb       0x10 ./startup/startup_lpc55s69_cm33_core0.o
 .debug_macro   0x000001fb       0xf6 ./startup/startup_lpc55s69_cm33_core0.o
 .debug_macro   0x000002f1      0x294 ./startup/startup_lpc55s69_cm33_core0.o
 .debug_macro   0x00000585       0x5e ./startup/startup_lpc55s69_cm33_core0.o
 .debug_macro   0x000005e3      0x188 ./source/main.o
 .debug_macro   0x0000076b       0xd8 ./source/main.o
 .debug_macro   0x00000843       0x76 ./source/main.o
 .debug_macro   0x000008b9      0x16e ./source/oslib.o
 .debug_macro   0x00000a27       0x16 ./source/oslib.o
 .debug_macro   0x00000a3d       0x1c ./source/oslib.o
 .debug_macro   0x00000a59       0x11 ./source/semihost_hardfault.o
 .debug_macro   0x00000a6a      0x166 ./kernel/kernel.o
 .debug_macro   0x00000bd0      0x1bd ./drivers/fsl_clock.o
 .debug_macro   0x00000d8d      0x2cc ./drivers/fsl_clock.o
 .debug_macro   0x00001059      0x124 ./drivers/fsl_common.o
 .debug_macro   0x0000117d      0x127 ./drivers/fsl_flexcomm.o
 .debug_macro   0x000012a4       0x10 ./drivers/fsl_flexcomm.o
 .debug_macro   0x000012b4      0x12e ./drivers/fsl_gpio.o
 .debug_macro   0x000013e2      0x131 ./drivers/fsl_inputmux.o
 .debug_macro   0x00001513       0x70 ./drivers/fsl_inputmux.o
 .debug_macro   0x00001583      0x12d ./drivers/fsl_pint.o
 .debug_macro   0x000016b0       0x70 ./drivers/fsl_pint.o
 .debug_macro   0x00001720      0x11e ./drivers/fsl_reset.o
 .debug_macro   0x0000183e       0xc1 ./device/system_LPC55S69_cm33_core0.o
 .debug_macro   0x000018ff      0x1aa ./device/target.o
 .debug_macro   0x00001aa9       0x76 ./device/target.o
 .debug_macro   0x00001b1f       0x6a ./device/target.o
 .debug_macro   0x00001b89       0x16 ./device/target.o
 .debug_macro   0x00001b9f      0x17e ./device/vfs.o
 .debug_macro   0x00001d1d      0x19a ./board/board.o
 .debug_macro   0x00001eb7       0x16 ./board/board.o
 .debug_macro   0x00001ecd       0x2e ./board/board.o
 .debug_macro   0x00001efb      0x13e ./board/clock_config.o
 .debug_macro   0x00002039      0x2c6 ./board/clock_config.o
 .debug_macro   0x000022ff       0x1b ./board/peripherals.o
 .debug_macro   0x0000231a      0x143 ./board/pin_mux.o

.debug_line     0x00000000     0x846e
 .debug_line    0x00000000      0xb3a ./startup/startup_lpc55s69_cm33_core0.o
 .debug_line    0x00000b3a       0x77 ./startup/svc.o
 .debug_line    0x00000bb1      0x410 ./source/main.o
 .debug_line    0x00000fc1      0x505 ./source/oslib.o
 .debug_line    0x000014c6       0x5a ./source/semihost_hardfault.o
 .debug_line    0x00001520      0x64d ./kernel/kernel.o
 .debug_line    0x00001b6d     0x1692 ./drivers/fsl_clock.o
 .debug_line    0x000031ff      0x3f5 ./drivers/fsl_common.o
 .debug_line    0x000035f4      0x5ea ./drivers/fsl_flexcomm.o
 .debug_line    0x00003bde      0x3b3 ./drivers/fsl_gpio.o
 .debug_line    0x00003f91      0x3f4 ./drivers/fsl_inputmux.o
 .debug_line    0x00004385      0xb38 ./drivers/fsl_pint.o
 .debug_line    0x00004ebd      0x3bc ./drivers/fsl_reset.o
 .debug_line    0x00005279      0x660 ./device/system_LPC55S69_cm33_core0.o
 .debug_line    0x000058d9      0x833 ./device/target.o
 .debug_line    0x0000610c      0x5b1 ./device/vfs.o
 .debug_line    0x000066bd      0x51a ./board/board.o
 .debug_line    0x00006bd7      0x464 ./board/clock_config.o
 .debug_line    0x0000703b       0x71 ./board/peripherals.o
 .debug_line    0x000070ac      0x4dd ./board/pin_mux.o
 .debug_line    0x00007589      0xee5 C:\Users\Jamal\Desktop\Discord COURS\S7\OS\LPC55S69_OS.src\libs\libpower_hardabi.a(fsl_power_lib.o)

.debug_str      0x00000000    0xb771b
 .debug_str     0x00000000    0xaccb9 ./startup/startup_lpc55s69_cm33_core0.o
                              0xace11 (size before relaxing)
 .debug_str     0x000accb9       0x1f ./startup/svc.o
                                 0x60 (size before relaxing)
 .debug_str     0x000accd8      0x566 ./source/main.o
                              0xac572 (size before relaxing)
 .debug_str     0x000ad23e       0x4a ./source/oslib.o
                              0xaba37 (size before relaxing)
 .debug_str     0x000ad288       0x1f ./source/semihost_hardfault.o
                               0x2f3f (size before relaxing)
 .debug_str     0x000ad2a7      0x193 ./kernel/kernel.o
                              0xac773 (size before relaxing)
 .debug_str     0x000ad43a     0x4031 ./drivers/fsl_clock.o
                              0xae6ef (size before relaxing)
 .debug_str     0x000b146b      0x13b ./drivers/fsl_common.o
                              0xa9efc (size before relaxing)
 .debug_str     0x000b15a6      0x976 ./drivers/fsl_flexcomm.o
                              0xac0e8 (size before relaxing)
 .debug_str     0x000b1f1c      0x130 ./drivers/fsl_gpio.o
                              0xaba74 (size before relaxing)
 .debug_str     0x000b204c     0x30c9 ./drivers/fsl_inputmux.o
                              0xadb50 (size before relaxing)
 .debug_str     0x000b5115      0xb77 ./drivers/fsl_pint.o
                              0xac9e4 (size before relaxing)
 .debug_str     0x000b5c8c       0xae ./drivers/fsl_reset.o
                              0xaaba9 (size before relaxing)
 .debug_str     0x000b5d3a      0x11f ./device/system_LPC55S69_cm33_core0.o
                              0xa89c9 (size before relaxing)
 .debug_str     0x000b5e59      0x1c0 ./device/target.o
                              0xb0012 (size before relaxing)
 .debug_str     0x000b6019       0x5c ./device/vfs.o
                              0xac34c (size before relaxing)
 .debug_str     0x000b6075      0x4f7 ./board/board.o
                              0xad396 (size before relaxing)
 .debug_str     0x000b656c       0x93 ./board/clock_config.o
                              0xac814 (size before relaxing)
 .debug_str     0x000b65ff       0x47 ./board/peripherals.o
                               0x2f66 (size before relaxing)
 .debug_str     0x000b6646       0x9e ./board/pin_mux.o
                              0xae207 (size before relaxing)
 .debug_str     0x000b66e4     0x1037 C:\Users\Jamal\Desktop\Discord COURS\S7\OS\LPC55S69_OS.src\libs\libpower_hardabi.a(fsl_power_lib.o)
                               0x31b0 (size before relaxing)

.comment        0x00000000       0xee
 .comment       0x00000000       0x79 ./startup/startup_lpc55s69_cm33_core0.o
                                 0x7a (size before relaxing)
 .comment       0x00000079       0x7a ./source/main.o
 .comment       0x00000079       0x7a ./source/oslib.o
 .comment       0x00000079       0x7a ./source/semihost_hardfault.o
 .comment       0x00000079       0x7a ./kernel/kernel.o
 .comment       0x00000079       0x7a ./drivers/fsl_clock.o
 .comment       0x00000079       0x7a ./drivers/fsl_common.o
 .comment       0x00000079       0x7a ./drivers/fsl_flexcomm.o
 .comment       0x00000079       0x7a ./drivers/fsl_gpio.o
 .comment       0x00000079       0x7a ./drivers/fsl_inputmux.o
 .comment       0x00000079       0x7a ./drivers/fsl_pint.o
 .comment       0x00000079       0x7a ./drivers/fsl_reset.o
 .comment       0x00000079       0x7a ./device/system_LPC55S69_cm33_core0.o
 .comment       0x00000079       0x7a ./device/target.o
 .comment       0x00000079       0x7a ./device/vfs.o
 .comment       0x00000079       0x7a ./board/board.o
 .comment       0x00000079       0x7a ./board/clock_config.o
 .comment       0x00000079       0x7a ./board/peripherals.o
 .comment       0x00000079       0x7a ./board/pin_mux.o
 .comment       0x00000079       0x75 C:\Users\Jamal\Desktop\Discord COURS\S7\OS\LPC55S69_OS.src\libs\libpower_hardabi.a(fsl_power_lib.o)
                                 0x76 (size before relaxing)
 .comment       0x000000ee       0x7a c:/nxp/mcuxpressoide_11.2.0_4120/ide/plugins/com.nxp.mcuxpresso.tools.win32_11.2.0.202001021529/tools/bin/../lib/gcc/arm-none-eabi/9.2.1/../../../../arm-none-eabi/lib/thumb/v8-m.main+fp/hard\libcr_semihost_nf.a(_cr__main.o)
 .comment       0x000000ee       0x7a c:/nxp/mcuxpressoide_11.2.0_4120/ide/plugins/com.nxp.mcuxpresso.tools.win32_11.2.0.202001021529/tools/bin/../lib/gcc/arm-none-eabi/9.2.1/../../../../arm-none-eabi/lib/thumb/v8-m.main+fp/hard\libcr_semihost_nf.a(_cr_assert.o)
 .comment       0x000000ee       0x7a c:/nxp/mcuxpressoide_11.2.0_4120/ide/plugins/com.nxp.mcuxpresso.tools.win32_11.2.0.202001021529/tools/bin/../lib/gcc/arm-none-eabi/9.2.1/../../../../arm-none-eabi/lib/thumb/v8-m.main+fp/hard\libcr_semihost_nf.a(__ciob.o)
 .comment       0x000000ee       0x7a c:/nxp/mcuxpressoide_11.2.0_4120/ide/plugins/com.nxp.mcuxpresso.tools.win32_11.2.0.202001021529/tools/bin/../lib/gcc/arm-none-eabi/9.2.1/../../../../arm-none-eabi/lib/thumb/v8-m.main+fp/hard\libcr_c.a(memcpy.o)
 .comment       0x000000ee       0x7a c:/nxp/mcuxpressoide_11.2.0_4120/ide/plugins/com.nxp.mcuxpresso.tools.win32_11.2.0.202001021529/tools/bin/../lib/gcc/arm-none-eabi/9.2.1/../../../../arm-none-eabi/lib/thumb/v8-m.main+fp/hard\libcr_c.a(memset.o)
 .comment       0x000000ee       0x7a c:/nxp/mcuxpressoide_11.2.0_4120/ide/plugins/com.nxp.mcuxpresso.tools.win32_11.2.0.202001021529/tools/bin/../lib/gcc/arm-none-eabi/9.2.1/../../../../arm-none-eabi/lib/thumb/v8-m.main+fp/hard\libcr_c.a(_deferredlazyseek.o)
 .comment       0x000000ee       0x7a c:/nxp/mcuxpressoide_11.2.0_4120/ide/plugins/com.nxp.mcuxpresso.tools.win32_11.2.0.202001021529/tools/bin/../lib/gcc/arm-none-eabi/9.2.1/../../../../arm-none-eabi/lib/thumb/v8-m.main+fp/hard\libcr_c.a(_fflush.o)
 .comment       0x000000ee       0x7a c:/nxp/mcuxpressoide_11.2.0_4120/ide/plugins/com.nxp.mcuxpresso.tools.win32_11.2.0.202001021529/tools/bin/../lib/gcc/arm-none-eabi/9.2.1/../../../../arm-none-eabi/lib/thumb/v8-m.main+fp/hard\libcr_c.a(_writebuf.o)
 .comment       0x000000ee       0x7a c:/nxp/mcuxpressoide_11.2.0_4120/ide/plugins/com.nxp.mcuxpresso.tools.win32_11.2.0.202001021529/tools/bin/../lib/gcc/arm-none-eabi/9.2.1/../../../../arm-none-eabi/lib/thumb/v8-m.main+fp/hard\libcr_c.a(alloc.o)
 .comment       0x000000ee       0x7a c:/nxp/mcuxpressoide_11.2.0_4120/ide/plugins/com.nxp.mcuxpresso.tools.win32_11.2.0.202001021529/tools/bin/../lib/gcc/arm-none-eabi/9.2.1/../../../../arm-none-eabi/lib/thumb/v8-m.main+fp/hard\libcr_c.a(fputs.o)
 .comment       0x000000ee       0x7a c:/nxp/mcuxpressoide_11.2.0_4120/ide/plugins/com.nxp.mcuxpresso.tools.win32_11.2.0.202001021529/tools/bin/../lib/gcc/arm-none-eabi/9.2.1/../../../../arm-none-eabi/lib/thumb/v8-m.main+fp/hard\libcr_c.a(fseek.o)
 .comment       0x000000ee       0x7a c:/nxp/mcuxpressoide_11.2.0_4120/ide/plugins/com.nxp.mcuxpresso.tools.win32_11.2.0.202001021529/tools/bin/../lib/gcc/arm-none-eabi/9.2.1/../../../../arm-none-eabi/lib/thumb/v8-m.main+fp/hard\libcr_c.a(ftell.o)
 .comment       0x000000ee       0x7a c:/nxp/mcuxpressoide_11.2.0_4120/ide/plugins/com.nxp.mcuxpresso.tools.win32_11.2.0.202001021529/tools/bin/../lib/gcc/arm-none-eabi/9.2.1/../../../../arm-none-eabi/lib/thumb/v8-m.main+fp/hard\libcr_c.a(initio.o)
 .comment       0x000000ee       0x7a c:/nxp/mcuxpressoide_11.2.0_4120/ide/plugins/com.nxp.mcuxpresso.tools.win32_11.2.0.202001021529/tools/bin/../lib/gcc/arm-none-eabi/9.2.1/../../../../arm-none-eabi/lib/thumb/v8-m.main+fp/hard\libcr_c.a(printf.o)
 .comment       0x000000ee       0x7a c:/nxp/mcuxpressoide_11.2.0_4120/ide/plugins/com.nxp.mcuxpresso.tools.win32_11.2.0.202001021529/tools/bin/../lib/gcc/arm-none-eabi/9.2.1/../../../../arm-none-eabi/lib/thumb/v8-m.main+fp/hard\libcr_c.a(setvbuf.o)
 .comment       0x000000ee       0x7a c:/nxp/mcuxpressoide_11.2.0_4120/ide/plugins/com.nxp.mcuxpresso.tools.win32_11.2.0.202001021529/tools/bin/../lib/gcc/arm-none-eabi/9.2.1/../../../../arm-none-eabi/lib/thumb/v8-m.main+fp/hard\libcr_c.a(strlen.o)
 .comment       0x000000ee       0x7a c:/nxp/mcuxpressoide_11.2.0_4120/ide/plugins/com.nxp.mcuxpresso.tools.win32_11.2.0.202001021529/tools/bin/../lib/gcc/arm-none-eabi/9.2.1/../../../../arm-none-eabi/lib/thumb/v8-m.main+fp/hard\libcr_c.a(__init_alloc.o)
 .comment       0x000000ee       0x7a c:/nxp/mcuxpressoide_11.2.0_4120/ide/plugins/com.nxp.mcuxpresso.tools.win32_11.2.0.202001021529/tools/bin/../lib/gcc/arm-none-eabi/9.2.1/../../../../arm-none-eabi/lib/thumb/v8-m.main+fp/hard\libcr_c.a(_cr_sbrk.o)
 .comment       0x000000ee       0x7a c:/nxp/mcuxpressoide_11.2.0_4120/ide/plugins/com.nxp.mcuxpresso.tools.win32_11.2.0.202001021529/tools/bin/../lib/gcc/arm-none-eabi/9.2.1/../../../../arm-none-eabi/lib/thumb/v8-m.main+fp/hard\libcr_c.a(_fdopen.o)
 .comment       0x000000ee       0x7a c:/nxp/mcuxpressoide_11.2.0_4120/ide/plugins/com.nxp.mcuxpresso.tools.win32_11.2.0.202001021529/tools/bin/../lib/gcc/arm-none-eabi/9.2.1/../../../../arm-none-eabi/lib/thumb/v8-m.main+fp/hard\libcr_c.a(errno.o)
 .comment       0x000000ee       0x7a c:/nxp/mcuxpressoide_11.2.0_4120/ide/plugins/com.nxp.mcuxpresso.tools.win32_11.2.0.202001021529/tools/bin/../lib/gcc/arm-none-eabi/9.2.1/../../../../arm-none-eabi/lib/thumb/v8-m.main+fp/hard\libcr_c.a(fclose.o)
 .comment       0x000000ee       0x7a c:/nxp/mcuxpressoide_11.2.0_4120/ide/plugins/com.nxp.mcuxpresso.tools.win32_11.2.0.202001021529/tools/bin/../lib/gcc/arm-none-eabi/9.2.1/../../../../arm-none-eabi/lib/thumb/v8-m.main+fp/hard\libcr_c.a(fflush.o)
 .comment       0x000000ee       0x7a c:/nxp/mcuxpressoide_11.2.0_4120/ide/plugins/com.nxp.mcuxpresso.tools.win32_11.2.0.202001021529/tools/bin/../lib/gcc/arm-none-eabi/9.2.1/../../../../arm-none-eabi/lib/thumb/v8-m.main+fp/hard\libcr_c.a(remove.o)
 .comment       0x000000ee       0x7a c:/nxp/mcuxpressoide_11.2.0_4120/ide/plugins/com.nxp.mcuxpresso.tools.win32_11.2.0.202001021529/tools/bin/../lib/gcc/arm-none-eabi/9.2.1/../../../../arm-none-eabi/lib/thumb/v8-m.main+fp/hard\libcr_c.a(_cr_check_heap.o)
 .comment       0x000000ee       0x7a c:/nxp/mcuxpressoide_11.2.0_4120/ide/plugins/com.nxp.mcuxpresso.tools.win32_11.2.0.202001021529/tools/bin/../lib/gcc/arm-none-eabi/9.2.1/../../../../arm-none-eabi/lib/thumb/v8-m.main+fp/hard\libcr_c.a(_do_fflush.o)

.ARM.attributes
                0x00000000       0x38
 .ARM.attributes
                0x00000000       0x3a ./startup/startup_lpc55s69_cm33_core0.o
 .ARM.attributes
                0x0000003a       0x26 ./startup/svc.o
 .ARM.attributes
                0x00000060       0x3a ./source/main.o
 .ARM.attributes
                0x0000009a       0x3a ./source/oslib.o
 .ARM.attributes
                0x000000d4       0x3a ./source/semihost_hardfault.o
 .ARM.attributes
                0x0000010e       0x3a ./kernel/kernel.o
 .ARM.attributes
                0x00000148       0x3a ./drivers/fsl_clock.o
 .ARM.attributes
                0x00000182       0x3a ./drivers/fsl_common.o
 .ARM.attributes
                0x000001bc       0x3a ./drivers/fsl_flexcomm.o
 .ARM.attributes
                0x000001f6       0x3a ./drivers/fsl_gpio.o
 .ARM.attributes
                0x00000230       0x3a ./drivers/fsl_inputmux.o
 .ARM.attributes
                0x0000026a       0x3a ./drivers/fsl_pint.o
 .ARM.attributes
                0x000002a4       0x3a ./drivers/fsl_reset.o
 .ARM.attributes
                0x000002de       0x3a ./device/system_LPC55S69_cm33_core0.o
 .ARM.attributes
                0x00000318       0x3a ./device/target.o
 .ARM.attributes
                0x00000352       0x3a ./device/vfs.o
 .ARM.attributes
                0x0000038c       0x3a ./board/board.o
 .ARM.attributes
                0x000003c6       0x3a ./board/clock_config.o
 .ARM.attributes
                0x00000400       0x3a ./board/peripherals.o
 .ARM.attributes
                0x0000043a       0x3a ./board/pin_mux.o
 .ARM.attributes
                0x00000474       0x3a C:\Users\Jamal\Desktop\Discord COURS\S7\OS\LPC55S69_OS.src\libs\libpower_hardabi.a(fsl_power_lib.o)
 .ARM.attributes
                0x000004ae       0x3a c:/nxp/mcuxpressoide_11.2.0_4120/ide/plugins/com.nxp.mcuxpresso.tools.win32_11.2.0.202001021529/tools/bin/../lib/gcc/arm-none-eabi/9.2.1/../../../../arm-none-eabi/lib/thumb/v8-m.main+fp/hard\libcr_semihost_nf.a(_cr__main.o)
 .ARM.attributes
                0x000004e8       0x3a c:/nxp/mcuxpressoide_11.2.0_4120/ide/plugins/com.nxp.mcuxpresso.tools.win32_11.2.0.202001021529/tools/bin/../lib/gcc/arm-none-eabi/9.2.1/../../../../arm-none-eabi/lib/thumb/v8-m.main+fp/hard\libcr_semihost_nf.a(_cr_assert.o)
 .ARM.attributes
                0x00000522       0x3c c:/nxp/mcuxpressoide_11.2.0_4120/ide/plugins/com.nxp.mcuxpresso.tools.win32_11.2.0.202001021529/tools/bin/../lib/gcc/arm-none-eabi/9.2.1/../../../../arm-none-eabi/lib/thumb/v8-m.main+fp/hard\libcr_semihost_nf.a(__ciob.o)
 .ARM.attributes
                0x0000055e       0x26 c:/nxp/mcuxpressoide_11.2.0_4120/ide/plugins/com.nxp.mcuxpresso.tools.win32_11.2.0.202001021529/tools/bin/../lib/gcc/arm-none-eabi/9.2.1/../../../../arm-none-eabi/lib/thumb/v8-m.main+fp/hard\libcr_semihost_nf.a(__sys_appexit.o)
 .ARM.attributes
                0x00000584       0x3a c:/nxp/mcuxpressoide_11.2.0_4120/ide/plugins/com.nxp.mcuxpresso.tools.win32_11.2.0.202001021529/tools/bin/../lib/gcc/arm-none-eabi/9.2.1/../../../../arm-none-eabi/lib/thumb/v8-m.main+fp/hard\libcr_c.a(memcpy.o)
 .ARM.attributes
                0x000005be       0x3a c:/nxp/mcuxpressoide_11.2.0_4120/ide/plugins/com.nxp.mcuxpresso.tools.win32_11.2.0.202001021529/tools/bin/../lib/gcc/arm-none-eabi/9.2.1/../../../../arm-none-eabi/lib/thumb/v8-m.main+fp/hard\libcr_c.a(memset.o)
 .ARM.attributes
                0x000005f8       0x3a c:/nxp/mcuxpressoide_11.2.0_4120/ide/plugins/com.nxp.mcuxpresso.tools.win32_11.2.0.202001021529/tools/bin/../lib/gcc/arm-none-eabi/9.2.1/../../../../arm-none-eabi/lib/thumb/v8-m.main+fp/hard\libcr_c.a(_deferredlazyseek.o)
 .ARM.attributes
                0x00000632       0x3a c:/nxp/mcuxpressoide_11.2.0_4120/ide/plugins/com.nxp.mcuxpresso.tools.win32_11.2.0.202001021529/tools/bin/../lib/gcc/arm-none-eabi/9.2.1/../../../../arm-none-eabi/lib/thumb/v8-m.main+fp/hard\libcr_c.a(_fflush.o)
 .ARM.attributes
                0x0000066c       0x3a c:/nxp/mcuxpressoide_11.2.0_4120/ide/plugins/com.nxp.mcuxpresso.tools.win32_11.2.0.202001021529/tools/bin/../lib/gcc/arm-none-eabi/9.2.1/../../../../arm-none-eabi/lib/thumb/v8-m.main+fp/hard\libcr_c.a(_writebuf.o)
 .ARM.attributes
                0x000006a6       0x3a c:/nxp/mcuxpressoide_11.2.0_4120/ide/plugins/com.nxp.mcuxpresso.tools.win32_11.2.0.202001021529/tools/bin/../lib/gcc/arm-none-eabi/9.2.1/../../../../arm-none-eabi/lib/thumb/v8-m.main+fp/hard\libcr_c.a(alloc.o)
 .ARM.attributes
                0x000006e0       0x3a c:/nxp/mcuxpressoide_11.2.0_4120/ide/plugins/com.nxp.mcuxpresso.tools.win32_11.2.0.202001021529/tools/bin/../lib/gcc/arm-none-eabi/9.2.1/../../../../arm-none-eabi/lib/thumb/v8-m.main+fp/hard\libcr_c.a(fputs.o)
 .ARM.attributes
                0x0000071a       0x3a c:/nxp/mcuxpressoide_11.2.0_4120/ide/plugins/com.nxp.mcuxpresso.tools.win32_11.2.0.202001021529/tools/bin/../lib/gcc/arm-none-eabi/9.2.1/../../../../arm-none-eabi/lib/thumb/v8-m.main+fp/hard\libcr_c.a(fseek.o)
 .ARM.attributes
                0x00000754       0x3a c:/nxp/mcuxpressoide_11.2.0_4120/ide/plugins/com.nxp.mcuxpresso.tools.win32_11.2.0.202001021529/tools/bin/../lib/gcc/arm-none-eabi/9.2.1/../../../../arm-none-eabi/lib/thumb/v8-m.main+fp/hard\libcr_c.a(ftell.o)
 .ARM.attributes
                0x0000078e       0x3a c:/nxp/mcuxpressoide_11.2.0_4120/ide/plugins/com.nxp.mcuxpresso.tools.win32_11.2.0.202001021529/tools/bin/../lib/gcc/arm-none-eabi/9.2.1/../../../../arm-none-eabi/lib/thumb/v8-m.main+fp/hard\libcr_c.a(initio.o)
 .ARM.attributes
                0x000007c8       0x3a c:/nxp/mcuxpressoide_11.2.0_4120/ide/plugins/com.nxp.mcuxpresso.tools.win32_11.2.0.202001021529/tools/bin/../lib/gcc/arm-none-eabi/9.2.1/../../../../arm-none-eabi/lib/thumb/v8-m.main+fp/hard\libcr_c.a(printf.o)
 .ARM.attributes
                0x00000802       0x3a c:/nxp/mcuxpressoide_11.2.0_4120/ide/plugins/com.nxp.mcuxpresso.tools.win32_11.2.0.202001021529/tools/bin/../lib/gcc/arm-none-eabi/9.2.1/../../../../arm-none-eabi/lib/thumb/v8-m.main+fp/hard\libcr_c.a(setvbuf.o)
 .ARM.attributes
                0x0000083c       0x3a c:/nxp/mcuxpressoide_11.2.0_4120/ide/plugins/com.nxp.mcuxpresso.tools.win32_11.2.0.202001021529/tools/bin/../lib/gcc/arm-none-eabi/9.2.1/../../../../arm-none-eabi/lib/thumb/v8-m.main+fp/hard\libcr_c.a(strlen.o)
 .ARM.attributes
                0x00000876       0x3a c:/nxp/mcuxpressoide_11.2.0_4120/ide/plugins/com.nxp.mcuxpresso.tools.win32_11.2.0.202001021529/tools/bin/../lib/gcc/arm-none-eabi/9.2.1/../../../../arm-none-eabi/lib/thumb/v8-m.main+fp/hard\libcr_c.a(__init_alloc.o)
 .ARM.attributes
                0x000008b0       0x3a c:/nxp/mcuxpressoide_11.2.0_4120/ide/plugins/com.nxp.mcuxpresso.tools.win32_11.2.0.202001021529/tools/bin/../lib/gcc/arm-none-eabi/9.2.1/../../../../arm-none-eabi/lib/thumb/v8-m.main+fp/hard\libcr_c.a(_cr_sbrk.o)
 .ARM.attributes
                0x000008ea       0x3a c:/nxp/mcuxpressoide_11.2.0_4120/ide/plugins/com.nxp.mcuxpresso.tools.win32_11.2.0.202001021529/tools/bin/../lib/gcc/arm-none-eabi/9.2.1/../../../../arm-none-eabi/lib/thumb/v8-m.main+fp/hard\libcr_c.a(_fdopen.o)
 .ARM.attributes
                0x00000924       0x3c c:/nxp/mcuxpressoide_11.2.0_4120/ide/plugins/com.nxp.mcuxpresso.tools.win32_11.2.0.202001021529/tools/bin/../lib/gcc/arm-none-eabi/9.2.1/../../../../arm-none-eabi/lib/thumb/v8-m.main+fp/hard\libcr_c.a(errno.o)
 .ARM.attributes
                0x00000960       0x3a c:/nxp/mcuxpressoide_11.2.0_4120/ide/plugins/com.nxp.mcuxpresso.tools.win32_11.2.0.202001021529/tools/bin/../lib/gcc/arm-none-eabi/9.2.1/../../../../arm-none-eabi/lib/thumb/v8-m.main+fp/hard\libcr_c.a(fclose.o)
 .ARM.attributes
                0x0000099a       0x3a c:/nxp/mcuxpressoide_11.2.0_4120/ide/plugins/com.nxp.mcuxpresso.tools.win32_11.2.0.202001021529/tools/bin/../lib/gcc/arm-none-eabi/9.2.1/../../../../arm-none-eabi/lib/thumb/v8-m.main+fp/hard\libcr_c.a(fflush.o)
 .ARM.attributes
                0x000009d4       0x3a c:/nxp/mcuxpressoide_11.2.0_4120/ide/plugins/com.nxp.mcuxpresso.tools.win32_11.2.0.202001021529/tools/bin/../lib/gcc/arm-none-eabi/9.2.1/../../../../arm-none-eabi/lib/thumb/v8-m.main+fp/hard\libcr_c.a(remove.o)
 .ARM.attributes
                0x00000a0e       0x3a c:/nxp/mcuxpressoide_11.2.0_4120/ide/plugins/com.nxp.mcuxpresso.tools.win32_11.2.0.202001021529/tools/bin/../lib/gcc/arm-none-eabi/9.2.1/../../../../arm-none-eabi/lib/thumb/v8-m.main+fp/hard\libcr_c.a(_cr_check_heap.o)
 .ARM.attributes
                0x00000a48       0x3a c:/nxp/mcuxpressoide_11.2.0_4120/ide/plugins/com.nxp.mcuxpresso.tools.win32_11.2.0.202001021529/tools/bin/../lib/gcc/arm-none-eabi/9.2.1/../../../../arm-none-eabi/lib/thumb/v8-m.main+fp/hard\libcr_c.a(_do_fflush.o)
 .ARM.attributes
                0x00000a82       0x26 c:/nxp/mcuxpressoide_11.2.0_4120/ide/plugins/com.nxp.mcuxpresso.tools.win32_11.2.0.202001021529/tools/bin/../lib/gcc/arm-none-eabi/9.2.1/thumb/v8-m.main+fp/hard\libcr_eabihelpers.a(division_64.o)
 .ARM.attributes
                0x00000aa8       0x26 c:/nxp/mcuxpressoide_11.2.0_4120/ide/plugins/com.nxp.mcuxpresso.tools.win32_11.2.0.202001021529/tools/bin/../lib/gcc/arm-none-eabi/9.2.1/thumb/v8-m.main+fp/hard\libcr_eabihelpers.a(division_idiv0.o)
 .ARM.attributes
                0x00000ace       0x26 c:/nxp/mcuxpressoide_11.2.0_4120/ide/plugins/com.nxp.mcuxpresso.tools.win32_11.2.0.202001021529/tools/bin/../lib/gcc/arm-none-eabi/9.2.1/thumb/v8-m.main+fp/hard\libcr_eabihelpers.a(memcpy.o)
 .ARM.attributes
                0x00000af4       0x26 c:/nxp/mcuxpressoide_11.2.0_4120/ide/plugins/com.nxp.mcuxpresso.tools.win32_11.2.0.202001021529/tools/bin/../lib/gcc/arm-none-eabi/9.2.1/../../../../arm-none-eabi/lib/thumb/v8-m.main+fp/hard\libcr_semihost_nf.a(__sys_close.o)
 .ARM.attributes
                0x00000b1a       0x26 c:/nxp/mcuxpressoide_11.2.0_4120/ide/plugins/com.nxp.mcuxpresso.tools.win32_11.2.0.202001021529/tools/bin/../lib/gcc/arm-none-eabi/9.2.1/../../../../arm-none-eabi/lib/thumb/v8-m.main+fp/hard\libcr_semihost_nf.a(__sys_flen.o)
 .ARM.attributes
                0x00000b40       0x26 c:/nxp/mcuxpressoide_11.2.0_4120/ide/plugins/com.nxp.mcuxpresso.tools.win32_11.2.0.202001021529/tools/bin/../lib/gcc/arm-none-eabi/9.2.1/../../../../arm-none-eabi/lib/thumb/v8-m.main+fp/hard\libcr_semihost_nf.a(__sys_istty.o)
 .ARM.attributes