core_cm33.h:2322:22:__NVIC_SetPriority	16	static
core_cm33.h:2770:26:SysTick_Config	16	static
kernel.c:26:5:sys_add	16	static
kernel.c:36:9:svc_dispatch	16	static
kernel.c:76:6:sys_switch_ctx	4	static
kernel.c:90:6:sys_tick_cb	4	static
kernel.c:97:6:SysTick_Handler	8	static
kernel.c:114:9:sys_os_start	16	static
kernel.c:159:9:sys_task_new	24	static
kernel.c:172:9:sys_task_kill	4	static
kernel.c:182:9:sys_task_id	4	static
kernel.c:193:9:sys_task_yield	4	static
kernel.c:202:9:sys_task_wait	16	static
kernel.c:218:13:sys_sem_new	16	static
kernel.c:228:9:sys_sem_p	16	static
kernel.c:238:9:sys_sem_v	16	static
